  Determining projects to restore...
  Nothing to do. None of the projects specified contain packages to restore.
CSC : error CS5001: Program does not contain a static 'Main' method suitable for an entry point [C:\Users\Alyssa\source\repos\SystemUI\SystemUI.csproj]
C:\Users\Alyssa\source\repos\SystemUI\Views\RegisterView.xaml.cs(13,13): error CS0103: The name 'InitializeComponent' does not exist in the current context [C:\Users\Alyssa\source\repos\SystemUI\SystemUI.csproj]
C:\Users\Alyssa\source\repos\SystemUI\Views\LoginView.xaml.cs(12,13): error CS0103: The name 'InitializeComponent' does not exist in the current context [C:\Users\Alyssa\source\repos\SystemUI\SystemUI.csproj]
C:\Users\Alyssa\source\repos\SystemUI\MainWindow.xaml.cs(11,13): error CS0103: The name 'InitializeComponent' does not exist in the current context [C:\Users\Alyssa\source\repos\SystemUI\SystemUI.csproj]
C:\Users\Alyssa\source\repos\SystemUI\Views\PassRecoveryView.xaml.cs(13,13): error CS0103: The name 'InitializeComponent' does not exist in the current context [C:\Users\Alyssa\source\repos\SystemUI\SystemUI.csproj]
C:\Users\Alyssa\source\repos\SystemUI\Views\ReportGeneratorView.xaml.cs(21,13): error CS0103: The name 'InitializeComponent' does not exist in the current context [C:\Users\Alyssa\source\repos\SystemUI\SystemUI.csproj]
C:\Users\Alyssa\source\repos\SystemUI\Views\PlaylistManagementView.xaml.cs(16,13): error CS0103: The name 'InitializeComponent' does not exist in the current context [C:\Users\Alyssa\source\repos\SystemUI\SystemUI.csproj]
C:\Users\Alyssa\source\repos\SystemUI\Views\SongManagementView.xaml.cs(16,13): error CS0103: The name 'InitializeComponent' does not exist in the current context [C:\Users\Alyssa\source\repos\SystemUI\SystemUI.csproj]
C:\Users\Alyssa\source\repos\SystemUI\Views\UserManagementView.xaml.cs(16,13): error CS0103: The name 'InitializeComponent' does not exist in the current context [C:\Users\Alyssa\source\repos\SystemUI\SystemUI.csproj]
C:\Users\Alyssa\source\repos\SystemUI\Views\BorrowingView.xaml.cs(16,13): error CS0103: The name 'InitializeComponent' does not exist in the current context [C:\Users\Alyssa\source\repos\SystemUI\SystemUI.csproj]
C:\Users\Alyssa\source\repos\SystemUI\MainWindow.xaml.cs(16,13): error CS0103: The name 'TopNav' does not exist in the current context [C:\Users\Alyssa\source\repos\SystemUI\SystemUI.csproj]
C:\Users\Alyssa\source\repos\SystemUI\MainWindow.xaml.cs(22,13): error CS0103: The name 'MainContent' does not exist in the current context [C:\Users\Alyssa\source\repos\SystemUI\SystemUI.csproj]
C:\Users\Alyssa\source\repos\SystemUI\MainWindow.xaml.cs(28,13): error CS0103: The name 'MainContent' does not exist in the current context [C:\Users\Alyssa\source\repos\SystemUI\SystemUI.csproj]
C:\Users\Alyssa\source\repos\SystemUI\MainWindow.xaml.cs(34,13): error CS0103: The name 'MainContent' does not exist in the current context [C:\Users\Alyssa\source\repos\SystemUI\SystemUI.csproj]
C:\Users\Alyssa\source\repos\SystemUI\MainWindow.xaml.cs(40,13): error CS0103: The name 'MainContent' does not exist in the current context [C:\Users\Alyssa\source\repos\SystemUI\SystemUI.csproj]
C:\Users\Alyssa\source\repos\SystemUI\Views\Dashboard.xaml.cs(14,13): error CS0103: The name 'InitializeComponent' does not exist in the current context [C:\Users\Alyssa\source\repos\SystemUI\SystemUI.csproj]
C:\Users\Alyssa\source\repos\SystemUI\Views\AboutView.xaml.cs(11,13): error CS0103: The name 'InitializeComponent' does not exist in the current context [C:\Users\Alyssa\source\repos\SystemUI\SystemUI.csproj]
C:\Users\Alyssa\source\repos\SystemUI\Views\Dashboard.xaml.cs(28,21): error CS0103: The name 'lblSongCount' does not exist in the current context [C:\Users\Alyssa\source\repos\SystemUI\SystemUI.csproj]
C:\Users\Alyssa\source\repos\SystemUI\Views\Dashboard.xaml.cs(32,21): error CS0103: The name 'lblPlaylistCount' does not exist in the current context [C:\Users\Alyssa\source\repos\SystemUI\SystemUI.csproj]
C:\Users\Alyssa\source\repos\SystemUI\Views\Dashboard.xaml.cs(36,21): error CS0103: The name 'lblBorrowCount' does not exist in the current context [C:\Users\Alyssa\source\repos\SystemUI\SystemUI.csproj]
C:\Users\Alyssa\source\repos\SystemUI\Views\Dashboard.xaml.cs(43,21): error CS0103: The name 'dgRecentSongs' does not exist in the current context [C:\Users\Alyssa\source\repos\SystemUI\SystemUI.csproj]
C:\Users\Alyssa\source\repos\SystemUI\Views\Dashboard.xaml.cs(48,17): error CS0103: The name 'lblSongCount' does not exist in the current context [C:\Users\Alyssa\source\repos\SystemUI\SystemUI.csproj]
C:\Users\Alyssa\source\repos\SystemUI\Views\Dashboard.xaml.cs(49,17): error CS0103: The name 'lblPlaylistCount' does not exist in the current context [C:\Users\Alyssa\source\repos\SystemUI\SystemUI.csproj]
C:\Users\Alyssa\source\repos\SystemUI\Views\Dashboard.xaml.cs(50,17): error CS0103: The name 'lblBorrowCount' does not exist in the current context [C:\Users\Alyssa\source\repos\SystemUI\SystemUI.csproj]
C:\Users\Alyssa\source\repos\SystemUI\Views\Dashboard.xaml.cs(55,53): error CS1061: 'MainWindow' does not contain a definition for 'MainContent' and no accessible extension method 'MainContent' accepting a first argument of type 'MainWindow' could be found (are you missing a using directive or an assembly reference?) [C:\Users\Alyssa\source\repos\SystemUI\SystemUI.csproj]
C:\Users\Alyssa\source\repos\SystemUI\Views\Dashboard.xaml.cs(57,53): error CS1061: 'MainWindow' does not contain a definition for 'MainContent' and no accessible extension method 'MainContent' accepting a first argument of type 'MainWindow' could be found (are you missing a using directive or an assembly reference?) [C:\Users\Alyssa\source\repos\SystemUI\SystemUI.csproj]
C:\Users\Alyssa\source\repos\SystemUI\Views\Dashboard.xaml.cs(59,53): error CS1061: 'MainWindow' does not contain a definition for 'MainContent' and no accessible extension method 'MainContent' accepting a first argument of type 'MainWindow' could be found (are you missing a using directive or an assembly reference?) [C:\Users\Alyssa\source\repos\SystemUI\SystemUI.csproj]
C:\Users\Alyssa\source\repos\SystemUI\Views\Dashboard.xaml.cs(61,53): error CS1061: 'MainWindow' does not contain a definition for 'MainContent' and no accessible extension method 'MainContent' accepting a first argument of type 'MainWindow' could be found (are you missing a using directive or an assembly reference?) [C:\Users\Alyssa\source\repos\SystemUI\SystemUI.csproj]
C:\Users\Alyssa\source\repos\SystemUI\Views\Dashboard.xaml.cs(63,53): error CS1061: 'MainWindow' does not contain a definition for 'MainContent' and no accessible extension method 'MainContent' accepting a first argument of type 'MainWindow' could be found (are you missing a using directive or an assembly reference?) [C:\Users\Alyssa\source\repos\SystemUI\SystemUI.csproj]
C:\Users\Alyssa\source\repos\SystemUI\Views\Dashboard.xaml.cs(68,18): error CS1061: 'MainWindow' does not contain a definition for 'MainContent' and no accessible extension method 'MainContent' accepting a first argument of type 'MainWindow' could be found (are you missing a using directive or an assembly reference?) [C:\Users\Alyssa\source\repos\SystemUI\SystemUI.csproj]
C:\Users\Alyssa\source\repos\SystemUI\Views\PlaylistManagementView.xaml.cs(35,21): error CS0103: The name 'dgPlaylists' does not exist in the current context [C:\Users\Alyssa\source\repos\SystemUI\SystemUI.csproj]
C:\Users\Alyssa\source\repos\SystemUI\Views\BorrowingView.xaml.cs(35,21): error CS0103: The name 'dgBorrowing' does not exist in the current context [C:\Users\Alyssa\source\repos\SystemUI\SystemUI.csproj]
C:\Users\Alyssa\source\repos\SystemUI\Views\SongManagementView.xaml.cs(36,21): error CS0103: The name 'dgSongs' does not exist in the current context [C:\Users\Alyssa\source\repos\SystemUI\SystemUI.csproj]
C:\Users\Alyssa\source\repos\SystemUI\Views\UserManagementView.xaml.cs(38,21): error CS0103: The name 'dgUsers' does not exist in the current context [C:\Users\Alyssa\source\repos\SystemUI\SystemUI.csproj]
C:\Users\Alyssa\source\repos\SystemUI\Views\LoginView.xaml.cs(16,31): error CS0103: The name 'txtUsername' does not exist in the current context [C:\Users\Alyssa\source\repos\SystemUI\SystemUI.csproj]
C:\Users\Alyssa\source\repos\SystemUI\Views\LoginView.xaml.cs(17,31): error CS0103: The name 'txtPassword' does not exist in the current context [C:\Users\Alyssa\source\repos\SystemUI\SystemUI.csproj]
C:\Users\Alyssa\source\repos\SystemUI\Views\LoginView.xaml.cs(21,17): error CS0103: The name 'lblError' does not exist in the current context [C:\Users\Alyssa\source\repos\SystemUI\SystemUI.csproj]
C:\Users\Alyssa\source\repos\SystemUI\Views\LoginView.xaml.cs(22,17): error CS0103: The name 'lblError' does not exist in the current context [C:\Users\Alyssa\source\repos\SystemUI\SystemUI.csproj]
C:\Users\Alyssa\source\repos\SystemUI\Views\LoginView.xaml.cs(41,30): error CS1061: 'MainWindow' does not contain a definition for 'MainContent' and no accessible extension method 'MainContent' accepting a first argument of type 'MainWindow' could be found (are you missing a using directive or an assembly reference?) [C:\Users\Alyssa\source\repos\SystemUI\SystemUI.csproj]
C:\Users\Alyssa\source\repos\SystemUI\Views\LoginView.xaml.cs(45,25): error CS0103: The name 'lblError' does not exist in the current context [C:\Users\Alyssa\source\repos\SystemUI\SystemUI.csproj]
C:\Users\Alyssa\source\repos\SystemUI\Views\LoginView.xaml.cs(46,25): error CS0103: The name 'lblError' does not exist in the current context [C:\Users\Alyssa\source\repos\SystemUI\SystemUI.csproj]
C:\Users\Alyssa\source\repos\SystemUI\Views\LoginView.xaml.cs(52,17): error CS0103: The name 'lblError' does not exist in the current context [C:\Users\Alyssa\source\repos\SystemUI\SystemUI.csproj]
C:\Users\Alyssa\source\repos\SystemUI\Views\LoginView.xaml.cs(53,17): error CS0103: The name 'lblError' does not exist in the current context [C:\Users\Alyssa\source\repos\SystemUI\SystemUI.csproj]
C:\Users\Alyssa\source\repos\SystemUI\Views\LoginView.xaml.cs(59,18): error CS1061: 'MainWindow' does not contain a definition for 'MainContent' and no accessible extension method 'MainContent' accepting a first argument of type 'MainWindow' could be found (are you missing a using directive or an assembly reference?) [C:\Users\Alyssa\source\repos\SystemUI\SystemUI.csproj]
C:\Users\Alyssa\source\repos\SystemUI\Views\AboutView.xaml.cs(25,18): error CS1061: 'MainWindow' does not contain a definition for 'MainContent' and no accessible extension method 'MainContent' accepting a first argument of type 'MainWindow' could be found (are you missing a using directive or an assembly reference?) [C:\Users\Alyssa\source\repos\SystemUI\SystemUI.csproj]
C:\Users\Alyssa\source\repos\SystemUI\Views\RegisterView.xaml.cs(18,31): error CS0103: The name 'txtFullName' does not exist in the current context [C:\Users\Alyssa\source\repos\SystemUI\SystemUI.csproj]
C:\Users\Alyssa\source\repos\SystemUI\Views\RegisterView.xaml.cs(19,31): error CS0103: The name 'txtUsername' does not exist in the current context [C:\Users\Alyssa\source\repos\SystemUI\SystemUI.csproj]
C:\Users\Alyssa\source\repos\SystemUI\Views\RegisterView.xaml.cs(20,28): error CS0103: The name 'txtEmail' does not exist in the current context [C:\Users\Alyssa\source\repos\SystemUI\SystemUI.csproj]
C:\Users\Alyssa\source\repos\SystemUI\Views\RegisterView.xaml.cs(21,31): error CS0103: The name 'txtPassword' does not exist in the current context [C:\Users\Alyssa\source\repos\SystemUI\SystemUI.csproj]
C:\Users\Alyssa\source\repos\SystemUI\Views\RegisterView.xaml.cs(22,30): error CS0103: The name 'txtConfirm' does not exist in the current context [C:\Users\Alyssa\source\repos\SystemUI\SystemUI.csproj]
C:\Users\Alyssa\source\repos\SystemUI\Views\LoginView.xaml.cs(64,18): error CS1061: 'MainWindow' does not contain a definition for 'MainContent' and no accessible extension method 'MainContent' accepting a first argument of type 'MainWindow' could be found (are you missing a using directive or an assembly reference?) [C:\Users\Alyssa\source\repos\SystemUI\SystemUI.csproj]
C:\Users\Alyssa\source\repos\SystemUI\Views\ReportGeneratorView.xaml.cs(27,17): error CS0103: The name 'txtFileName' does not exist in the current context [C:\Users\Alyssa\source\repos\SystemUI\SystemUI.csproj]
C:\Users\Alyssa\source\repos\SystemUI\Views\ReportGeneratorView.xaml.cs(28,28): error CS0103: The name 'cmbReportType' does not exist in the current context [C:\Users\Alyssa\source\repos\SystemUI\SystemUI.csproj]
C:\Users\Alyssa\source\repos\SystemUI\Views\ReportGeneratorView.xaml.cs(29,13): error CS0103: The name 'txtFileName' does not exist in the current context [C:\Users\Alyssa\source\repos\SystemUI\SystemUI.csproj]
C:\Users\Alyssa\source\repos\SystemUI\Views\AboutView.xaml.cs(34,18): error CS1061: 'MainWindow' does not contain a definition for 'MainContent' and no accessible extension method 'MainContent' accepting a first argument of type 'MainWindow' could be found (are you missing a using directive or an assembly reference?) [C:\Users\Alyssa\source\repos\SystemUI\SystemUI.csproj]
C:\Users\Alyssa\source\repos\SystemUI\Views\RegisterView.xaml.cs(63,18): error CS1061: 'MainWindow' does not contain a definition for 'MainContent' and no accessible extension method 'MainContent' accepting a first argument of type 'MainWindow' could be found (are you missing a using directive or an assembly reference?) [C:\Users\Alyssa\source\repos\SystemUI\SystemUI.csproj]
C:\Users\Alyssa\source\repos\SystemUI\Views\PassRecoveryView.xaml.cs(17,31): error CS0103: The name 'txtUsername' does not exist in the current context [C:\Users\Alyssa\source\repos\SystemUI\SystemUI.csproj]
C:\Users\Alyssa\source\repos\SystemUI\Views\PassRecoveryView.xaml.cs(18,28): error CS0103: The name 'txtEmail' does not exist in the current context [C:\Users\Alyssa\source\repos\SystemUI\SystemUI.csproj]
C:\Users\Alyssa\source\repos\SystemUI\Views\PassRecoveryView.xaml.cs(19,34): error CS0103: The name 'txtNewPassword' does not exist in the current context [C:\Users\Alyssa\source\repos\SystemUI\SystemUI.csproj]
C:\Users\Alyssa\source\repos\SystemUI\Views\PassRecoveryView.xaml.cs(20,34): error CS0103: The name 'txtConfirmPassword' does not exist in the current context [C:\Users\Alyssa\source\repos\SystemUI\SystemUI.csproj]
C:\Users\Alyssa\source\repos\SystemUI\Views\PassRecoveryView.xaml.cs(60,21): error CS0103: The name 'txtUsername' does not exist in the current context [C:\Users\Alyssa\source\repos\SystemUI\SystemUI.csproj]
C:\Users\Alyssa\source\repos\SystemUI\Views\PassRecoveryView.xaml.cs(60,40): error CS0103: The name 'txtEmail' does not exist in the current context [C:\Users\Alyssa\source\repos\SystemUI\SystemUI.csproj]
C:\Users\Alyssa\source\repos\SystemUI\Views\PassRecoveryView.xaml.cs(61,21): error CS0103: The name 'txtNewPassword' does not exist in the current context [C:\Users\Alyssa\source\repos\SystemUI\SystemUI.csproj]
C:\Users\Alyssa\source\repos\SystemUI\Views\PassRecoveryView.xaml.cs(61,47): error CS0103: The name 'txtConfirmPassword' does not exist in the current context [C:\Users\Alyssa\source\repos\SystemUI\SystemUI.csproj]
C:\Users\Alyssa\source\repos\SystemUI\Views\PassRecoveryView.xaml.cs(72,18): error CS1061: 'MainWindow' does not contain a definition for 'MainContent' and no accessible extension method 'MainContent' accepting a first argument of type 'MainWindow' could be found (are you missing a using directive or an assembly reference?) [C:\Users\Alyssa\source\repos\SystemUI\SystemUI.csproj]
C:\Users\Alyssa\source\repos\SystemUI\Views\RegisterView.xaml.cs(67,13): error CS0103: The name 'lblStatus' does not exist in the current context [C:\Users\Alyssa\source\repos\SystemUI\SystemUI.csproj]
C:\Users\Alyssa\source\repos\SystemUI\Views\RegisterView.xaml.cs(68,13): error CS0103: The name 'lblStatus' does not exist in the current context [C:\Users\Alyssa\source\repos\SystemUI\SystemUI.csproj]
C:\Users\Alyssa\source\repos\SystemUI\Views\RegisterView.xaml.cs(71,13): error CS0103: The name 'lblStatus' does not exist in the current context [C:\Users\Alyssa\source\repos\SystemUI\SystemUI.csproj]
C:\Users\Alyssa\source\repos\SystemUI\Views\PassRecoveryView.xaml.cs(76,13): error CS0103: The name 'lblStatus' does not exist in the current context [C:\Users\Alyssa\source\repos\SystemUI\SystemUI.csproj]
C:\Users\Alyssa\source\repos\SystemUI\Views\PassRecoveryView.xaml.cs(77,13): error CS0103: The name 'lblStatus' does not exist in the current context [C:\Users\Alyssa\source\repos\SystemUI\SystemUI.csproj]
C:\Users\Alyssa\source\repos\SystemUI\Views\PassRecoveryView.xaml.cs(80,13): error CS0103: The name 'lblStatus' does not exist in the current context [C:\Users\Alyssa\source\repos\SystemUI\SystemUI.csproj]
C:\Users\Alyssa\source\repos\SystemUI\Views\PlaylistManagementView.xaml.cs(43,27): error CS0103: The name 'txtName' does not exist in the current context [C:\Users\Alyssa\source\repos\SystemUI\SystemUI.csproj]
C:\Users\Alyssa\source\repos\SystemUI\Views\PlaylistManagementView.xaml.cs(44,28): error CS0103: The name 'txtOwner' does not exist in the current context [C:\Users\Alyssa\source\repos\SystemUI\SystemUI.csproj]
C:\Users\Alyssa\source\repos\SystemUI\Views\PlaylistManagementView.xaml.cs(45,27): error CS0103: The name 'txtDescription' does not exist in the current context [C:\Users\Alyssa\source\repos\SystemUI\SystemUI.csproj]
C:\Users\Alyssa\source\repos\SystemUI\Views\UserManagementView.xaml.cs(49,31): error CS0103: The name 'txtFullName' does not exist in the current context [C:\Users\Alyssa\source\repos\SystemUI\SystemUI.csproj]
C:\Users\Alyssa\source\repos\SystemUI\Views\UserManagementView.xaml.cs(50,31): error CS0103: The name 'txtUser' does not exist in the current context [C:\Users\Alyssa\source\repos\SystemUI\SystemUI.csproj]
C:\Users\Alyssa\source\repos\SystemUI\Views\UserManagementView.xaml.cs(51,28): error CS0103: The name 'txtUserEmail' does not exist in the current context [C:\Users\Alyssa\source\repos\SystemUI\SystemUI.csproj]
C:\Users\Alyssa\source\repos\SystemUI\Views\UserManagementView.xaml.cs(52,31): error CS0103: The name 'txtUserPass' does not exist in the current context [C:\Users\Alyssa\source\repos\SystemUI\SystemUI.csproj]
C:\Users\Alyssa\source\repos\SystemUI\Views\UserManagementView.xaml.cs(53,30): error CS0103: The name 'cmbStatus' does not exist in the current context [C:\Users\Alyssa\source\repos\SystemUI\SystemUI.csproj]
C:\Users\Alyssa\source\repos\SystemUI\Views\BorrowingView.xaml.cs(43,31): error CS0103: The name 'txtBorrower' does not exist in the current context [C:\Users\Alyssa\source\repos\SystemUI\SystemUI.csproj]
C:\Users\Alyssa\source\repos\SystemUI\Views\BorrowingView.xaml.cs(44,27): error CS0103: The name 'txtSongTitle' does not exist in the current context [C:\Users\Alyssa\source\repos\SystemUI\SystemUI.csproj]
C:\Users\Alyssa\source\repos\SystemUI\Views\BorrowingView.xaml.cs(45,33): error CS0103: The name 'txtBorrowDate' does not exist in the current context [C:\Users\Alyssa\source\repos\SystemUI\SystemUI.csproj]
C:\Users\Alyssa\source\repos\SystemUI\Views\BorrowingView.xaml.cs(46,33): error CS0103: The name 'txtReturnDate' does not exist in the current context [C:\Users\Alyssa\source\repos\SystemUI\SystemUI.csproj]
C:\Users\Alyssa\source\repos\SystemUI\Views\BorrowingView.xaml.cs(47,30): error CS0103: The name 'cmbBorrowStatus' does not exist in the current context [C:\Users\Alyssa\source\repos\SystemUI\SystemUI.csproj]
C:\Users\Alyssa\source\repos\SystemUI\Views\BorrowingView.xaml.cs(48,30): error CS0103: The name 'txtRemarks' does not exist in the current context [C:\Users\Alyssa\source\repos\SystemUI\SystemUI.csproj]
C:\Users\Alyssa\source\repos\SystemUI\Views\SongManagementView.xaml.cs(44,28): error CS0103: The name 'txtTitle' does not exist in the current context [C:\Users\Alyssa\source\repos\SystemUI\SystemUI.csproj]
C:\Users\Alyssa\source\repos\SystemUI\Views\SongManagementView.xaml.cs(45,29): error CS0103: The name 'txtArtist' does not exist in the current context [C:\Users\Alyssa\source\repos\SystemUI\SystemUI.csproj]
C:\Users\Alyssa\source\repos\SystemUI\Views\SongManagementView.xaml.cs(46,28): error CS0103: The name 'txtAlbum' does not exist in the current context [C:\Users\Alyssa\source\repos\SystemUI\SystemUI.csproj]
C:\Users\Alyssa\source\repos\SystemUI\Views\SongManagementView.xaml.cs(47,28): error CS0103: The name 'txtGenre' does not exist in the current context [C:\Users\Alyssa\source\repos\SystemUI\SystemUI.csproj]
C:\Users\Alyssa\source\repos\SystemUI\Views\SongManagementView.xaml.cs(48,31): error CS0103: The name 'txtDuration' does not exist in the current context [C:\Users\Alyssa\source\repos\SystemUI\SystemUI.csproj]
C:\Users\Alyssa\source\repos\SystemUI\Views\SongManagementView.xaml.cs(49,27): error CS0103: The name 'txtYear' does not exist in the current context [C:\Users\Alyssa\source\repos\SystemUI\SystemUI.csproj]
C:\Users\Alyssa\source\repos\SystemUI\Views\SongManagementView.xaml.cs(116,17): error CS0103: The name 'dgSongs' does not exist in the current context [C:\Users\Alyssa\source\repos\SystemUI\SystemUI.csproj]
C:\Users\Alyssa\source\repos\SystemUI\Views\SongManagementView.xaml.cs(119,17): error CS0103: The name 'txtTitle' does not exist in the current context [C:\Users\Alyssa\source\repos\SystemUI\SystemUI.csproj]
C:\Users\Alyssa\source\repos\SystemUI\Views\SongManagementView.xaml.cs(120,17): error CS0103: The name 'txtArtist' does not exist in the current context [C:\Users\Alyssa\source\repos\SystemUI\SystemUI.csproj]
C:\Users\Alyssa\source\repos\SystemUI\Views\SongManagementView.xaml.cs(121,17): error CS0103: The name 'txtAlbum' does not exist in the current context [C:\Users\Alyssa\source\repos\SystemUI\SystemUI.csproj]
C:\Users\Alyssa\source\repos\SystemUI\Views\SongManagementView.xaml.cs(122,17): error CS0103: The name 'txtGenre' does not exist in the current context [C:\Users\Alyssa\source\repos\SystemUI\SystemUI.csproj]
C:\Users\Alyssa\source\repos\SystemUI\Views\SongManagementView.xaml.cs(123,17): error CS0103: The name 'txtDuration' does not exist in the current context [C:\Users\Alyssa\source\repos\SystemUI\SystemUI.csproj]
C:\Users\Alyssa\source\repos\SystemUI\Views\SongManagementView.xaml.cs(124,17): error CS0103: The name 'txtYear' does not exist in the current context [C:\Users\Alyssa\source\repos\SystemUI\SystemUI.csproj]
C:\Users\Alyssa\source\repos\SystemUI\Views\SongManagementView.xaml.cs(125,17): error CS0103: The name 'lblFormTitle' does not exist in the current context [C:\Users\Alyssa\source\repos\SystemUI\SystemUI.csproj]
C:\Users\Alyssa\source\repos\SystemUI\Views\SongManagementView.xaml.cs(126,17): error CS0103: The name 'btnSave' does not exist in the current context [C:\Users\Alyssa\source\repos\SystemUI\SystemUI.csproj]
C:\Users\Alyssa\source\repos\SystemUI\Views\PlaylistManagementView.xaml.cs(102,17): error CS0103: The name 'dgPlaylists' does not exist in the current context [C:\Users\Alyssa\source\repos\SystemUI\SystemUI.csproj]
C:\Users\Alyssa\source\repos\SystemUI\Views\PlaylistManagementView.xaml.cs(105,17): error CS0103: The name 'txtName' does not exist in the current context [C:\Users\Alyssa\source\repos\SystemUI\SystemUI.csproj]
C:\Users\Alyssa\source\repos\SystemUI\Views\PlaylistManagementView.xaml.cs(106,17): error CS0103: The name 'txtOwner' does not exist in the current context [C:\Users\Alyssa\source\repos\SystemUI\SystemUI.csproj]
C:\Users\Alyssa\source\repos\SystemUI\Views\PlaylistManagementView.xaml.cs(107,17): error CS0103: The name 'txtDescription' does not exist in the current context [C:\Users\Alyssa\source\repos\SystemUI\SystemUI.csproj]
C:\Users\Alyssa\source\repos\SystemUI\Views\PlaylistManagementView.xaml.cs(108,17): error CS0103: The name 'lblFormTitle' does not exist in the current context [C:\Users\Alyssa\source\repos\SystemUI\SystemUI.csproj]
C:\Users\Alyssa\source\repos\SystemUI\Views\PlaylistManagementView.xaml.cs(109,17): error CS0103: The name 'btnSave' does not exist in the current context [C:\Users\Alyssa\source\repos\SystemUI\SystemUI.csproj]
C:\Users\Alyssa\source\repos\SystemUI\Views\PlaylistManagementView.xaml.cs(116,13): error CS0103: The name 'txtName' does not exist in the current context [C:\Users\Alyssa\source\repos\SystemUI\SystemUI.csproj]
C:\Users\Alyssa\source\repos\SystemUI\Views\PlaylistManagementView.xaml.cs(116,28): error CS0103: The name 'txtOwner' does not exist in the current context [C:\Users\Alyssa\source\repos\SystemUI\SystemUI.csproj]
C:\Users\Alyssa\source\repos\SystemUI\Views\PlaylistManagementView.xaml.cs(116,44): error CS0103: The name 'txtDescription' does not exist in the current context [C:\Users\Alyssa\source\repos\SystemUI\SystemUI.csproj]
C:\Users\Alyssa\source\repos\SystemUI\Views\PlaylistManagementView.xaml.cs(117,13): error CS0103: The name 'lblFormTitle' does not exist in the current context [C:\Users\Alyssa\source\repos\SystemUI\SystemUI.csproj]
C:\Users\Alyssa\source\repos\SystemUI\Views\PlaylistManagementView.xaml.cs(118,13): error CS0103: The name 'btnSave' does not exist in the current context [C:\Users\Alyssa\source\repos\SystemUI\SystemUI.csproj]
C:\Users\Alyssa\source\repos\SystemUI\Views\PlaylistManagementView.xaml.cs(119,13): error CS0103: The name 'lblFormStatus' does not exist in the current context [C:\Users\Alyssa\source\repos\SystemUI\SystemUI.csproj]
C:\Users\Alyssa\source\repos\SystemUI\Views\SongManagementView.xaml.cs(133,13): error CS0103: The name 'txtTitle' does not exist in the current context [C:\Users\Alyssa\source\repos\SystemUI\SystemUI.csproj]
C:\Users\Alyssa\source\repos\SystemUI\Views\SongManagementView.xaml.cs(133,29): error CS0103: The name 'txtArtist' does not exist in the current context [C:\Users\Alyssa\source\repos\SystemUI\SystemUI.csproj]
C:\Users\Alyssa\source\repos\SystemUI\Views\SongManagementView.xaml.cs(133,46): error CS0103: The name 'txtAlbum' does not exist in the current context [C:\Users\Alyssa\source\repos\SystemUI\SystemUI.csproj]
C:\Users\Alyssa\source\repos\SystemUI\Views\SongManagementView.xaml.cs(133,62): error CS0103: The name 'txtGenre' does not exist in the current context [C:\Users\Alyssa\source\repos\SystemUI\SystemUI.csproj]
C:\Users\Alyssa\source\repos\SystemUI\Views\SongManagementView.xaml.cs(133,78): error CS0103: The name 'txtDuration' does not exist in the current context [C:\Users\Alyssa\source\repos\SystemUI\SystemUI.csproj]
C:\Users\Alyssa\source\repos\SystemUI\Views\SongManagementView.xaml.cs(133,97): error CS0103: The name 'txtYear' does not exist in the current context [C:\Users\Alyssa\source\repos\SystemUI\SystemUI.csproj]
C:\Users\Alyssa\source\repos\SystemUI\Views\SongManagementView.xaml.cs(134,13): error CS0103: The name 'lblFormTitle' does not exist in the current context [C:\Users\Alyssa\source\repos\SystemUI\SystemUI.csproj]
C:\Users\Alyssa\source\repos\SystemUI\Views\SongManagementView.xaml.cs(135,13): error CS0103: The name 'btnSave' does not exist in the current context [C:\Users\Alyssa\source\repos\SystemUI\SystemUI.csproj]
C:\Users\Alyssa\source\repos\SystemUI\Views\SongManagementView.xaml.cs(136,13): error CS0103: The name 'lblFormStatus' does not exist in the current context [C:\Users\Alyssa\source\repos\SystemUI\SystemUI.csproj]
C:\Users\Alyssa\source\repos\SystemUI\Views\PlaylistManagementView.xaml.cs(122,89): error CS0103: The name 'txtSearch' does not exist in the current context [C:\Users\Alyssa\source\repos\SystemUI\SystemUI.csproj]
C:\Users\Alyssa\source\repos\SystemUI\Views\SongManagementView.xaml.cs(139,85): error CS0103: The name 'txtSearch' does not exist in the current context [C:\Users\Alyssa\source\repos\SystemUI\SystemUI.csproj]
C:\Users\Alyssa\source\repos\SystemUI\Views\SongManagementView.xaml.cs(140,75): error CS0103: The name 'txtSearch' does not exist in the current context [C:\Users\Alyssa\source\repos\SystemUI\SystemUI.csproj]
C:\Users\Alyssa\source\repos\SystemUI\Views\PlaylistManagementView.xaml.cs(123,75): error CS0103: The name 'txtSearch' does not exist in the current context [C:\Users\Alyssa\source\repos\SystemUI\SystemUI.csproj]
C:\Users\Alyssa\source\repos\SystemUI\Views\SongManagementView.xaml.cs(143,53): error CS1061: 'MainWindow' does not contain a definition for 'MainContent' and no accessible extension method 'MainContent' accepting a first argument of type 'MainWindow' could be found (are you missing a using directive or an assembly reference?) [C:\Users\Alyssa\source\repos\SystemUI\SystemUI.csproj]
C:\Users\Alyssa\source\repos\SystemUI\Views\PlaylistManagementView.xaml.cs(126,53): error CS1061: 'MainWindow' does not contain a definition for 'MainContent' and no accessible extension method 'MainContent' accepting a first argument of type 'MainWindow' could be found (are you missing a using directive or an assembly reference?) [C:\Users\Alyssa\source\repos\SystemUI\SystemUI.csproj]
C:\Users\Alyssa\source\repos\SystemUI\Views\SongManagementView.xaml.cs(145,53): error CS1061: 'MainWindow' does not contain a definition for 'MainContent' and no accessible extension method 'MainContent' accepting a first argument of type 'MainWindow' could be found (are you missing a using directive or an assembly reference?) [C:\Users\Alyssa\source\repos\SystemUI\SystemUI.csproj]
C:\Users\Alyssa\source\repos\SystemUI\Views\SongManagementView.xaml.cs(147,53): error CS1061: 'MainWindow' does not contain a definition for 'MainContent' and no accessible extension method 'MainContent' accepting a first argument of type 'MainWindow' could be found (are you missing a using directive or an assembly reference?) [C:\Users\Alyssa\source\repos\SystemUI\SystemUI.csproj]
C:\Users\Alyssa\source\repos\SystemUI\Views\PlaylistManagementView.xaml.cs(128,53): error CS1061: 'MainWindow' does not contain a definition for 'MainContent' and no accessible extension method 'MainContent' accepting a first argument of type 'MainWindow' could be found (are you missing a using directive or an assembly reference?) [C:\Users\Alyssa\source\repos\SystemUI\SystemUI.csproj]
C:\Users\Alyssa\source\repos\SystemUI\Views\PlaylistManagementView.xaml.cs(130,53): error CS1061: 'MainWindow' does not contain a definition for 'MainContent' and no accessible extension method 'MainContent' accepting a first argument of type 'MainWindow' could be found (are you missing a using directive or an assembly reference?) [C:\Users\Alyssa\source\repos\SystemUI\SystemUI.csproj]
C:\Users\Alyssa\source\repos\SystemUI\Views\SongManagementView.xaml.cs(152,18): error CS1061: 'MainWindow' does not contain a definition for 'MainContent' and no accessible extension method 'MainContent' accepting a first argument of type 'MainWindow' could be found (are you missing a using directive or an assembly reference?) [C:\Users\Alyssa\source\repos\SystemUI\SystemUI.csproj]
C:\Users\Alyssa\source\repos\SystemUI\Views\PlaylistManagementView.xaml.cs(135,18): error CS1061: 'MainWindow' does not contain a definition for 'MainContent' and no accessible extension method 'MainContent' accepting a first argument of type 'MainWindow' could be found (are you missing a using directive or an assembly reference?) [C:\Users\Alyssa\source\repos\SystemUI\SystemUI.csproj]
C:\Users\Alyssa\source\repos\SystemUI\Views\SongManagementView.xaml.cs(157,13): error CS0103: The name 'lblFormStatus' does not exist in the current context [C:\Users\Alyssa\source\repos\SystemUI\SystemUI.csproj]
C:\Users\Alyssa\source\repos\SystemUI\Views\SongManagementView.xaml.cs(158,13): error CS0103: The name 'lblFormStatus' does not exist in the current context [C:\Users\Alyssa\source\repos\SystemUI\SystemUI.csproj]
C:\Users\Alyssa\source\repos\SystemUI\Views\SongManagementView.xaml.cs(159,13): error CS0103: The name 'lblFormStatus' does not exist in the current context [C:\Users\Alyssa\source\repos\SystemUI\SystemUI.csproj]
C:\Users\Alyssa\source\repos\SystemUI\Views\PlaylistManagementView.xaml.cs(140,13): error CS0103: The name 'lblFormStatus' does not exist in the current context [C:\Users\Alyssa\source\repos\SystemUI\SystemUI.csproj]
C:\Users\Alyssa\source\repos\SystemUI\Views\PlaylistManagementView.xaml.cs(141,13): error CS0103: The name 'lblFormStatus' does not exist in the current context [C:\Users\Alyssa\source\repos\SystemUI\SystemUI.csproj]
C:\Users\Alyssa\source\repos\SystemUI\Views\PlaylistManagementView.xaml.cs(142,13): error CS0103: The name 'lblFormStatus' does not exist in the current context [C:\Users\Alyssa\source\repos\SystemUI\SystemUI.csproj]
C:\Users\Alyssa\source\repos\SystemUI\Views\BorrowingView.xaml.cs(115,17): error CS0103: The name 'dgBorrowing' does not exist in the current context [C:\Users\Alyssa\source\repos\SystemUI\SystemUI.csproj]
C:\Users\Alyssa\source\repos\SystemUI\Views\BorrowingView.xaml.cs(118,17): error CS0103: The name 'txtBorrower' does not exist in the current context [C:\Users\Alyssa\source\repos\SystemUI\SystemUI.csproj]
C:\Users\Alyssa\source\repos\SystemUI\Views\BorrowingView.xaml.cs(119,17): error CS0103: The name 'txtSongTitle' does not exist in the current context [C:\Users\Alyssa\source\repos\SystemUI\SystemUI.csproj]
C:\Users\Alyssa\source\repos\SystemUI\Views\BorrowingView.xaml.cs(120,17): error CS0103: The name 'txtBorrowDate' does not exist in the current context [C:\Users\Alyssa\source\repos\SystemUI\SystemUI.csproj]
C:\Users\Alyssa\source\repos\SystemUI\Views\BorrowingView.xaml.cs(121,17): error CS0103: The name 'txtReturnDate' does not exist in the current context [C:\Users\Alyssa\source\repos\SystemUI\SystemUI.csproj]
C:\Users\Alyssa\source\repos\SystemUI\Views\BorrowingView.xaml.cs(122,17): error CS0103: The name 'txtRemarks' does not exist in the current context [C:\Users\Alyssa\source\repos\SystemUI\SystemUI.csproj]
C:\Users\Alyssa\source\repos\SystemUI\Views\BorrowingView.xaml.cs(124,47): error CS0103: The name 'cmbBorrowStatus' does not exist in the current context [C:\Users\Alyssa\source\repos\SystemUI\SystemUI.csproj]
C:\Users\Alyssa\source\repos\SystemUI\Views\BorrowingView.xaml.cs(125,56): error CS0103: The name 'cmbBorrowStatus' does not exist in the current context [C:\Users\Alyssa\source\repos\SystemUI\SystemUI.csproj]
C:\Users\Alyssa\source\repos\SystemUI\Views\BorrowingView.xaml.cs(126,17): error CS0103: The name 'lblFormTitle' does not exist in the current context [C:\Users\Alyssa\source\repos\SystemUI\SystemUI.csproj]
C:\Users\Alyssa\source\repos\SystemUI\Views\BorrowingView.xaml.cs(127,17): error CS0103: The name 'btnSave' does not exist in the current context [C:\Users\Alyssa\source\repos\SystemUI\SystemUI.csproj]
C:\Users\Alyssa\source\repos\SystemUI\Views\UserManagementView.xaml.cs(107,17): error CS0103: The name 'dgUsers' does not exist in the current context [C:\Users\Alyssa\source\repos\SystemUI\SystemUI.csproj]
C:\Users\Alyssa\source\repos\SystemUI\Views\UserManagementView.xaml.cs(110,17): error CS0103: The name 'txtFullName' does not exist in the current context [C:\Users\Alyssa\source\repos\SystemUI\SystemUI.csproj]
C:\Users\Alyssa\source\repos\SystemUI\Views\UserManagementView.xaml.cs(111,17): error CS0103: The name 'txtUser' does not exist in the current context [C:\Users\Alyssa\source\repos\SystemUI\SystemUI.csproj]
C:\Users\Alyssa\source\repos\SystemUI\Views\UserManagementView.xaml.cs(112,17): error CS0103: The name 'txtUserEmail' does not exist in the current context [C:\Users\Alyssa\source\repos\SystemUI\SystemUI.csproj]
C:\Users\Alyssa\source\repos\SystemUI\Views\UserManagementView.xaml.cs(113,17): error CS0103: The name 'txtUserPass' does not exist in the current context [C:\Users\Alyssa\source\repos\SystemUI\SystemUI.csproj]
C:\Users\Alyssa\source\repos\SystemUI\Views\UserManagementView.xaml.cs(116,47): error CS0103: The name 'cmbStatus' does not exist in the current context [C:\Users\Alyssa\source\repos\SystemUI\SystemUI.csproj]
C:\Users\Alyssa\source\repos\SystemUI\Views\UserManagementView.xaml.cs(118,25): error CS0103: The name 'cmbStatus' does not exist in the current context [C:\Users\Alyssa\source\repos\SystemUI\SystemUI.csproj]
C:\Users\Alyssa\source\repos\SystemUI\Views\UserManagementView.xaml.cs(120,17): error CS0103: The name 'lblFormTitle' does not exist in the current context [C:\Users\Alyssa\source\repos\SystemUI\SystemUI.csproj]
C:\Users\Alyssa\source\repos\SystemUI\Views\UserManagementView.xaml.cs(121,17): error CS0103: The name 'btnSave' does not exist in the current context [C:\Users\Alyssa\source\repos\SystemUI\SystemUI.csproj]
C:\Users\Alyssa\source\repos\SystemUI\Views\UserManagementView.xaml.cs(127,13): error CS0103: The name 'txtFullName' does not exist in the current context [C:\Users\Alyssa\source\repos\SystemUI\SystemUI.csproj]
C:\Users\Alyssa\source\repos\SystemUI\Views\UserManagementView.xaml.cs(128,13): error CS0103: The name 'txtUser' does not exist in the current context [C:\Users\Alyssa\source\repos\SystemUI\SystemUI.csproj]
C:\Users\Alyssa\source\repos\SystemUI\Views\UserManagementView.xaml.cs(129,13): error CS0103: The name 'txtUserEmail' does not exist in the current context [C:\Users\Alyssa\source\repos\SystemUI\SystemUI.csproj]
C:\Users\Alyssa\source\repos\SystemUI\Views\UserManagementView.xaml.cs(130,13): error CS0103: The name 'txtUserPass' does not exist in the current context [C:\Users\Alyssa\source\repos\SystemUI\SystemUI.csproj]
C:\Users\Alyssa\source\repos\SystemUI\Views\UserManagementView.xaml.cs(131,13): error CS0103: The name 'cmbStatus' does not exist in the current context [C:\Users\Alyssa\source\repos\SystemUI\SystemUI.csproj]
C:\Users\Alyssa\source\repos\SystemUI\Views\UserManagementView.xaml.cs(132,13): error CS0103: The name 'lblFormTitle' does not exist in the current context [C:\Users\Alyssa\source\repos\SystemUI\SystemUI.csproj]
C:\Users\Alyssa\source\repos\SystemUI\Views\UserManagementView.xaml.cs(133,13): error CS0103: The name 'btnSave' does not exist in the current context [C:\Users\Alyssa\source\repos\SystemUI\SystemUI.csproj]
C:\Users\Alyssa\source\repos\SystemUI\Views\UserManagementView.xaml.cs(134,13): error CS0103: The name 'lblFormStatus' does not exist in the current context [C:\Users\Alyssa\source\repos\SystemUI\SystemUI.csproj]
C:\Users\Alyssa\source\repos\SystemUI\Views\BorrowingView.xaml.cs(134,13): error CS0103: The name 'txtBorrower' does not exist in the current context [C:\Users\Alyssa\source\repos\SystemUI\SystemUI.csproj]
C:\Users\Alyssa\source\repos\SystemUI\Views\BorrowingView.xaml.cs(134,32): error CS0103: The name 'txtSongTitle' does not exist in the current context [C:\Users\Alyssa\source\repos\SystemUI\SystemUI.csproj]
C:\Users\Alyssa\source\repos\SystemUI\Views\BorrowingView.xaml.cs(134,52): error CS0103: The name 'txtBorrowDate' does not exist in the current context [C:\Users\Alyssa\source\repos\SystemUI\SystemUI.csproj]
C:\Users\Alyssa\source\repos\SystemUI\Views\BorrowingView.xaml.cs(134,73): error CS0103: The name 'txtReturnDate' does not exist in the current context [C:\Users\Alyssa\source\repos\SystemUI\SystemUI.csproj]
C:\Users\Alyssa\source\repos\SystemUI\Views\BorrowingView.xaml.cs(134,94): error CS0103: The name 'txtRemarks' does not exist in the current context [C:\Users\Alyssa\source\repos\SystemUI\SystemUI.csproj]
C:\Users\Alyssa\source\repos\SystemUI\Views\BorrowingView.xaml.cs(135,13): error CS0103: The name 'cmbBorrowStatus' does not exist in the current context [C:\Users\Alyssa\source\repos\SystemUI\SystemUI.csproj]
C:\Users\Alyssa\source\repos\SystemUI\Views\BorrowingView.xaml.cs(136,13): error CS0103: The name 'lblFormTitle' does not exist in the current context [C:\Users\Alyssa\source\repos\SystemUI\SystemUI.csproj]
C:\Users\Alyssa\source\repos\SystemUI\Views\BorrowingView.xaml.cs(137,13): error CS0103: The name 'btnSave' does not exist in the current context [C:\Users\Alyssa\source\repos\SystemUI\SystemUI.csproj]
C:\Users\Alyssa\source\repos\SystemUI\Views\BorrowingView.xaml.cs(138,13): error CS0103: The name 'lblFormStatus' does not exist in the current context [C:\Users\Alyssa\source\repos\SystemUI\SystemUI.csproj]
C:\Users\Alyssa\source\repos\SystemUI\Views\ReportGeneratorView.xaml.cs(39,28): error CS0103: The name 'cmbReportType' does not exist in the current context [C:\Users\Alyssa\source\repos\SystemUI\SystemUI.csproj]
C:\Users\Alyssa\source\repos\SystemUI\Views\ReportGeneratorView.xaml.cs(56,21): error CS0103: The name 'dgPreview' does not exist in the current context [C:\Users\Alyssa\source\repos\SystemUI\SystemUI.csproj]
C:\Users\Alyssa\source\repos\SystemUI\Views\ReportGeneratorView.xaml.cs(57,21): error CS0103: The name 'lblStatus' does not exist in the current context [C:\Users\Alyssa\source\repos\SystemUI\SystemUI.csproj]
C:\Users\Alyssa\source\repos\SystemUI\Views\ReportGeneratorView.xaml.cs(58,21): error CS0103: The name 'lblStatus' does not exist in the current context [C:\Users\Alyssa\source\repos\SystemUI\SystemUI.csproj]
C:\Users\Alyssa\source\repos\SystemUI\Views\ReportGeneratorView.xaml.cs(59,21): error CS0103: The name 'lblStatus' does not exist in the current context [C:\Users\Alyssa\source\repos\SystemUI\SystemUI.csproj]
C:\Users\Alyssa\source\repos\SystemUI\Views\ReportGeneratorView.xaml.cs(64,17): error CS0103: The name 'lblStatus' does not exist in the current context [C:\Users\Alyssa\source\repos\SystemUI\SystemUI.csproj]
C:\Users\Alyssa\source\repos\SystemUI\Views\ReportGeneratorView.xaml.cs(65,17): error CS0103: The name 'lblStatus' does not exist in the current context [C:\Users\Alyssa\source\repos\SystemUI\SystemUI.csproj]
C:\Users\Alyssa\source\repos\SystemUI\Views\ReportGeneratorView.xaml.cs(66,17): error CS0103: The name 'lblStatus' does not exist in the current context [C:\Users\Alyssa\source\repos\SystemUI\SystemUI.csproj]
C:\Users\Alyssa\source\repos\SystemUI\Views\BorrowingView.xaml.cs(141,89): error CS0103: The name 'txtSearch' does not exist in the current context [C:\Users\Alyssa\source\repos\SystemUI\SystemUI.csproj]
C:\Users\Alyssa\source\repos\SystemUI\Views\UserManagementView.xaml.cs(138,26): error CS0103: The name 'txtSearch' does not exist in the current context [C:\Users\Alyssa\source\repos\SystemUI\SystemUI.csproj]
C:\Users\Alyssa\source\repos\SystemUI\Views\UserManagementView.xaml.cs(142,13): error CS0103: The name 'txtSearch' does not exist in the current context [C:\Users\Alyssa\source\repos\SystemUI\SystemUI.csproj]
C:\Users\Alyssa\source\repos\SystemUI\Views\BorrowingView.xaml.cs(142,75): error CS0103: The name 'txtSearch' does not exist in the current context [C:\Users\Alyssa\source\repos\SystemUI\SystemUI.csproj]
C:\Users\Alyssa\source\repos\SystemUI\Views\UserManagementView.xaml.cs(148,18): error CS1061: 'MainWindow' does not contain a definition for 'MainContent' and no accessible extension method 'MainContent' accepting a first argument of type 'MainWindow' could be found (are you missing a using directive or an assembly reference?) [C:\Users\Alyssa\source\repos\SystemUI\SystemUI.csproj]
C:\Users\Alyssa\source\repos\SystemUI\Views\BorrowingView.xaml.cs(145,53): error CS1061: 'MainWindow' does not contain a definition for 'MainContent' and no accessible extension method 'MainContent' accepting a first argument of type 'MainWindow' could be found (are you missing a using directive or an assembly reference?) [C:\Users\Alyssa\source\repos\SystemUI\SystemUI.csproj]
C:\Users\Alyssa\source\repos\SystemUI\Views\UserManagementView.xaml.cs(154,18): error CS1061: 'MainWindow' does not contain a definition for 'MainContent' and no accessible extension method 'MainContent' accepting a first argument of type 'MainWindow' could be found (are you missing a using directive or an assembly reference?) [C:\Users\Alyssa\source\repos\SystemUI\SystemUI.csproj]
C:\Users\Alyssa\source\repos\SystemUI\Views\BorrowingView.xaml.cs(147,53): error CS1061: 'MainWindow' does not contain a definition for 'MainContent' and no accessible extension method 'MainContent' accepting a first argument of type 'MainWindow' could be found (are you missing a using directive or an assembly reference?) [C:\Users\Alyssa\source\repos\SystemUI\SystemUI.csproj]
C:\Users\Alyssa\source\repos\SystemUI\Views\BorrowingView.xaml.cs(149,53): error CS1061: 'MainWindow' does not contain a definition for 'MainContent' and no accessible extension method 'MainContent' accepting a first argument of type 'MainWindow' could be found (are you missing a using directive or an assembly reference?) [C:\Users\Alyssa\source\repos\SystemUI\SystemUI.csproj]
C:\Users\Alyssa\source\repos\SystemUI\Views\UserManagementView.xaml.cs(160,18): error CS1061: 'MainWindow' does not contain a definition for 'MainContent' and no accessible extension method 'MainContent' accepting a first argument of type 'MainWindow' could be found (are you missing a using directive or an assembly reference?) [C:\Users\Alyssa\source\repos\SystemUI\SystemUI.csproj]
C:\Users\Alyssa\source\repos\SystemUI\Views\UserManagementView.xaml.cs(166,18): error CS1061: 'MainWindow' does not contain a definition for 'MainContent' and no accessible extension method 'MainContent' accepting a first argument of type 'MainWindow' could be found (are you missing a using directive or an assembly reference?) [C:\Users\Alyssa\source\repos\SystemUI\SystemUI.csproj]
C:\Users\Alyssa\source\repos\SystemUI\Views\BorrowingView.xaml.cs(154,18): error CS1061: 'MainWindow' does not contain a definition for 'MainContent' and no accessible extension method 'MainContent' accepting a first argument of type 'MainWindow' could be found (are you missing a using directive or an assembly reference?) [C:\Users\Alyssa\source\repos\SystemUI\SystemUI.csproj]
C:\Users\Alyssa\source\repos\SystemUI\Views\UserManagementView.xaml.cs(170,13): error CS0103: The name 'lblFormStatus' does not exist in the current context [C:\Users\Alyssa\source\repos\SystemUI\SystemUI.csproj]
C:\Users\Alyssa\source\repos\SystemUI\Views\UserManagementView.xaml.cs(171,13): error CS0103: The name 'lblFormStatus' does not exist in the current context [C:\Users\Alyssa\source\repos\SystemUI\SystemUI.csproj]
C:\Users\Alyssa\source\repos\SystemUI\Views\UserManagementView.xaml.cs(174,13): error CS0103: The name 'lblFormStatus' does not exist in the current context [C:\Users\Alyssa\source\repos\SystemUI\SystemUI.csproj]
C:\Users\Alyssa\source\repos\SystemUI\Views\BorrowingView.xaml.cs(159,13): error CS0103: The name 'lblFormStatus' does not exist in the current context [C:\Users\Alyssa\source\repos\SystemUI\SystemUI.csproj]
C:\Users\Alyssa\source\repos\SystemUI\Views\BorrowingView.xaml.cs(160,13): error CS0103: The name 'lblFormStatus' does not exist in the current context [C:\Users\Alyssa\source\repos\SystemUI\SystemUI.csproj]
C:\Users\Alyssa\source\repos\SystemUI\Views\BorrowingView.xaml.cs(161,13): error CS0103: The name 'lblFormStatus' does not exist in the current context [C:\Users\Alyssa\source\repos\SystemUI\SystemUI.csproj]
C:\Users\Alyssa\source\repos\SystemUI\Views\ReportGeneratorView.xaml.cs(75,28): error CS0103: The name 'txtFileName' does not exist in the current context [C:\Users\Alyssa\source\repos\SystemUI\SystemUI.csproj]
C:\Users\Alyssa\source\repos\SystemUI\Views\ReportGeneratorView.xaml.cs(78,17): error CS0103: The name 'txtSavePath' does not exist in the current context [C:\Users\Alyssa\source\repos\SystemUI\SystemUI.csproj]
C:\Users\Alyssa\source\repos\SystemUI\Views\ReportGeneratorView.xaml.cs(83,27): error CS0103: The name 'txtSavePath' does not exist in the current context [C:\Users\Alyssa\source\repos\SystemUI\SystemUI.csproj]
C:\Users\Alyssa\source\repos\SystemUI\Views\ReportGeneratorView.xaml.cs(84,31): error CS0103: The name 'txtSignedBy' does not exist in the current context [C:\Users\Alyssa\source\repos\SystemUI\SystemUI.csproj]
C:\Users\Alyssa\source\repos\SystemUI\Views\ReportGeneratorView.xaml.cs(85,34): error CS0103: The name 'cmbReportType' does not exist in the current context [C:\Users\Alyssa\source\repos\SystemUI\SystemUI.csproj]
C:\Users\Alyssa\source\repos\SystemUI\Views\ReportGeneratorView.xaml.cs(279,17): error CS0103: The name 'lblStatus' does not exist in the current context [C:\Users\Alyssa\source\repos\SystemUI\SystemUI.csproj]
C:\Users\Alyssa\source\repos\SystemUI\Views\ReportGeneratorView.xaml.cs(280,17): error CS0103: The name 'lblStatus' does not exist in the current context [C:\Users\Alyssa\source\repos\SystemUI\SystemUI.csproj]
C:\Users\Alyssa\source\repos\SystemUI\Views\ReportGeneratorView.xaml.cs(281,17): error CS0103: The name 'lblStatus' does not exist in the current context [C:\Users\Alyssa\source\repos\SystemUI\SystemUI.csproj]
C:\Users\Alyssa\source\repos\SystemUI\Views\ReportGeneratorView.xaml.cs(286,17): error CS0103: The name 'lblStatus' does not exist in the current context [C:\Users\Alyssa\source\repos\SystemUI\SystemUI.csproj]
C:\Users\Alyssa\source\repos\SystemUI\Views\ReportGeneratorView.xaml.cs(287,17): error CS0103: The name 'lblStatus' does not exist in the current context [C:\Users\Alyssa\source\repos\SystemUI\SystemUI.csproj]
C:\Users\Alyssa\source\repos\SystemUI\Views\ReportGeneratorView.xaml.cs(288,17): error CS0103: The name 'lblStatus' does not exist in the current context [C:\Users\Alyssa\source\repos\SystemUI\SystemUI.csproj]
C:\Users\Alyssa\source\repos\SystemUI\Views\ReportGeneratorView.xaml.cs(294,53): error CS1061: 'MainWindow' does not contain a definition for 'MainContent' and no accessible extension method 'MainContent' accepting a first argument of type 'MainWindow' could be found (are you missing a using directive or an assembly reference?) [C:\Users\Alyssa\source\repos\SystemUI\SystemUI.csproj]
C:\Users\Alyssa\source\repos\SystemUI\Views\ReportGeneratorView.xaml.cs(296,53): error CS1061: 'MainWindow' does not contain a definition for 'MainContent' and no accessible extension method 'MainContent' accepting a first argument of type 'MainWindow' could be found (are you missing a using directive or an assembly reference?) [C:\Users\Alyssa\source\repos\SystemUI\SystemUI.csproj]
C:\Users\Alyssa\source\repos\SystemUI\Views\ReportGeneratorView.xaml.cs(298,53): error CS1061: 'MainWindow' does not contain a definition for 'MainContent' and no accessible extension method 'MainContent' accepting a first argument of type 'MainWindow' could be found (are you missing a using directive or an assembly reference?) [C:\Users\Alyssa\source\repos\SystemUI\SystemUI.csproj]
C:\Users\Alyssa\source\repos\SystemUI\Views\ReportGeneratorView.xaml.cs(303,18): error CS1061: 'MainWindow' does not contain a definition for 'MainContent' and no accessible extension method 'MainContent' accepting a first argument of type 'MainWindow' could be found (are you missing a using directive or an assembly reference?) [C:\Users\Alyssa\source\repos\SystemUI\SystemUI.csproj]

Build FAILED.

CSC : error CS5001: Program does not contain a static 'Main' method suitable for an entry point [C:\Users\Alyssa\source\repos\SystemUI\SystemUI.csproj]
C:\Users\Alyssa\source\repos\SystemUI\Views\RegisterView.xaml.cs(13,13): error CS0103: The name 'InitializeComponent' does not exist in the current context [C:\Users\Alyssa\source\repos\SystemUI\SystemUI.csproj]
C:\Users\Alyssa\source\repos\SystemUI\Views\LoginView.xaml.cs(12,13): error CS0103: The name 'InitializeComponent' does not exist in the current context [C:\Users\Alyssa\source\repos\SystemUI\SystemUI.csproj]
C:\Users\Alyssa\source\repos\SystemUI\MainWindow.xaml.cs(11,13): error CS0103: The name 'InitializeComponent' does not exist in the current context [C:\Users\Alyssa\source\repos\SystemUI\SystemUI.csproj]
C:\Users\Alyssa\source\repos\SystemUI\Views\PassRecoveryView.xaml.cs(13,13): error CS0103: The name 'InitializeComponent' does not exist in the current context [C:\Users\Alyssa\source\repos\SystemUI\SystemUI.csproj]
C:\Users\Alyssa\source\repos\SystemUI\Views\ReportGeneratorView.xaml.cs(21,13): error CS0103: The name 'InitializeComponent' does not exist in the current context [C:\Users\Alyssa\source\repos\SystemUI\SystemUI.csproj]
C:\Users\Alyssa\source\repos\SystemUI\Views\PlaylistManagementView.xaml.cs(16,13): error CS0103: The name 'InitializeComponent' does not exist in the current context [C:\Users\Alyssa\source\repos\SystemUI\SystemUI.csproj]
C:\Users\Alyssa\source\repos\SystemUI\Views\SongManagementView.xaml.cs(16,13): error CS0103: The name 'InitializeComponent' does not exist in the current context [C:\Users\Alyssa\source\repos\SystemUI\SystemUI.csproj]
C:\Users\Alyssa\source\repos\SystemUI\Views\UserManagementView.xaml.cs(16,13): error CS0103: The name 'InitializeComponent' does not exist in the current context [C:\Users\Alyssa\source\repos\SystemUI\SystemUI.csproj]
C:\Users\Alyssa\source\repos\SystemUI\Views\BorrowingView.xaml.cs(16,13): error CS0103: The name 'InitializeComponent' does not exist in the current context [C:\Users\Alyssa\source\repos\SystemUI\SystemUI.csproj]
C:\Users\Alyssa\source\repos\SystemUI\MainWindow.xaml.cs(16,13): error CS0103: The name 'TopNav' does not exist in the current context [C:\Users\Alyssa\source\repos\SystemUI\SystemUI.csproj]
C:\Users\Alyssa\source\repos\SystemUI\MainWindow.xaml.cs(22,13): error CS0103: The name 'MainContent' does not exist in the current context [C:\Users\Alyssa\source\repos\SystemUI\SystemUI.csproj]
C:\Users\Alyssa\source\repos\SystemUI\MainWindow.xaml.cs(28,13): error CS0103: The name 'MainContent' does not exist in the current context [C:\Users\Alyssa\source\repos\SystemUI\SystemUI.csproj]
C:\Users\Alyssa\source\repos\SystemUI\MainWindow.xaml.cs(34,13): error CS0103: The name 'MainContent' does not exist in the current context [C:\Users\Alyssa\source\repos\SystemUI\SystemUI.csproj]
C:\Users\Alyssa\source\repos\SystemUI\MainWindow.xaml.cs(40,13): error CS0103: The name 'MainContent' does not exist in the current context [C:\Users\Alyssa\source\repos\SystemUI\SystemUI.csproj]
C:\Users\Alyssa\source\repos\SystemUI\Views\Dashboard.xaml.cs(14,13): error CS0103: The name 'InitializeComponent' does not exist in the current context [C:\Users\Alyssa\source\repos\SystemUI\SystemUI.csproj]
C:\Users\Alyssa\source\repos\SystemUI\Views\AboutView.xaml.cs(11,13): error CS0103: The name 'InitializeComponent' does not exist in the current context [C:\Users\Alyssa\source\repos\SystemUI\SystemUI.csproj]
C:\Users\Alyssa\source\repos\SystemUI\Views\Dashboard.xaml.cs(28,21): error CS0103: The name 'lblSongCount' does not exist in the current context [C:\Users\Alyssa\source\repos\SystemUI\SystemUI.csproj]
C:\Users\Alyssa\source\repos\SystemUI\Views\Dashboard.xaml.cs(32,21): error CS0103: The name 'lblPlaylistCount' does not exist in the current context [C:\Users\Alyssa\source\repos\SystemUI\SystemUI.csproj]
C:\Users\Alyssa\source\repos\SystemUI\Views\Dashboard.xaml.cs(36,21): error CS0103: The name 'lblBorrowCount' does not exist in the current context [C:\Users\Alyssa\source\repos\SystemUI\SystemUI.csproj]
C:\Users\Alyssa\source\repos\SystemUI\Views\Dashboard.xaml.cs(43,21): error CS0103: The name 'dgRecentSongs' does not exist in the current context [C:\Users\Alyssa\source\repos\SystemUI\SystemUI.csproj]
C:\Users\Alyssa\source\repos\SystemUI\Views\Dashboard.xaml.cs(48,17): error CS0103: The name 'lblSongCount' does not exist in the current context [C:\Users\Alyssa\source\repos\SystemUI\SystemUI.csproj]
C:\Users\Alyssa\source\repos\SystemUI\Views\Dashboard.xaml.cs(49,17): error CS0103: The name 'lblPlaylistCount' does not exist in the current context [C:\Users\Alyssa\source\repos\SystemUI\SystemUI.csproj]
C:\Users\Alyssa\source\repos\SystemUI\Views\Dashboard.xaml.cs(50,17): error CS0103: The name 'lblBorrowCount' does not exist in the current context [C:\Users\Alyssa\source\repos\SystemUI\SystemUI.csproj]
C:\Users\Alyssa\source\repos\SystemUI\Views\Dashboard.xaml.cs(55,53): error CS1061: 'MainWindow' does not contain a definition for 'MainContent' and no accessible extension method 'MainContent' accepting a first argument of type 'MainWindow' could be found (are you missing a using directive or an assembly reference?) [C:\Users\Alyssa\source\repos\SystemUI\SystemUI.csproj]
C:\Users\Alyssa\source\repos\SystemUI\Views\Dashboard.xaml.cs(57,53): error CS1061: 'MainWindow' does not contain a definition for 'MainContent' and no accessible extension method 'MainContent' accepting a first argument of type 'MainWindow' could be found (are you missing a using directive or an assembly reference?) [C:\Users\Alyssa\source\repos\SystemUI\SystemUI.csproj]
C:\Users\Alyssa\source\repos\SystemUI\Views\Dashboard.xaml.cs(59,53): error CS1061: 'MainWindow' does not contain a definition for 'MainContent' and no accessible extension method 'MainContent' accepting a first argument of type 'MainWindow' could be found (are you missing a using directive or an assembly reference?) [C:\Users\Alyssa\source\repos\SystemUI\SystemUI.csproj]
C:\Users\Alyssa\source\repos\SystemUI\Views\Dashboard.xaml.cs(61,53): error CS1061: 'MainWindow' does not contain a definition for 'MainContent' and no accessible extension method 'MainContent' accepting a first argument of type 'MainWindow' could be found (are you missing a using directive or an assembly reference?) [C:\Users\Alyssa\source\repos\SystemUI\SystemUI.csproj]
C:\Users\Alyssa\source\repos\SystemUI\Views\Dashboard.xaml.cs(63,53): error CS1061: 'MainWindow' does not contain a definition for 'MainContent' and no accessible extension method 'MainContent' accepting a first argument of type 'MainWindow' could be found (are you missing a using directive or an assembly reference?) [C:\Users\Alyssa\source\repos\SystemUI\SystemUI.csproj]
C:\Users\Alyssa\source\repos\SystemUI\Views\Dashboard.xaml.cs(68,18): error CS1061: 'MainWindow' does not contain a definition for 'MainContent' and no accessible extension method 'MainContent' accepting a first argument of type 'MainWindow' could be found (are you missing a using directive or an assembly reference?) [C:\Users\Alyssa\source\repos\SystemUI\SystemUI.csproj]
C:\Users\Alyssa\source\repos\SystemUI\Views\PlaylistManagementView.xaml.cs(35,21): error CS0103: The name 'dgPlaylists' does not exist in the current context [C:\Users\Alyssa\source\repos\SystemUI\SystemUI.csproj]
C:\Users\Alyssa\source\repos\SystemUI\Views\BorrowingView.xaml.cs(35,21): error CS0103: The name 'dgBorrowing' does not exist in the current context [C:\Users\Alyssa\source\repos\SystemUI\SystemUI.csproj]
C:\Users\Alyssa\source\repos\SystemUI\Views\SongManagementView.xaml.cs(36,21): error CS0103: The name 'dgSongs' does not exist in the current context [C:\Users\Alyssa\source\repos\SystemUI\SystemUI.csproj]
C:\Users\Alyssa\source\repos\SystemUI\Views\UserManagementView.xaml.cs(38,21): error CS0103: The name 'dgUsers' does not exist in the current context [C:\Users\Alyssa\source\repos\SystemUI\SystemUI.csproj]
C:\Users\Alyssa\source\repos\SystemUI\Views\LoginView.xaml.cs(16,31): error CS0103: The name 'txtUsername' does not exist in the current context [C:\Users\Alyssa\source\repos\SystemUI\SystemUI.csproj]
C:\Users\Alyssa\source\repos\SystemUI\Views\LoginView.xaml.cs(17,31): error CS0103: The name 'txtPassword' does not exist in the current context [C:\Users\Alyssa\source\repos\SystemUI\SystemUI.csproj]
C:\Users\Alyssa\source\repos\SystemUI\Views\LoginView.xaml.cs(21,17): error CS0103: The name 'lblError' does not exist in the current context [C:\Users\Alyssa\source\repos\SystemUI\SystemUI.csproj]
C:\Users\Alyssa\source\repos\SystemUI\Views\LoginView.xaml.cs(22,17): error CS0103: The name 'lblError' does not exist in the current context [C:\Users\Alyssa\source\repos\SystemUI\SystemUI.csproj]
C:\Users\Alyssa\source\repos\SystemUI\Views\LoginView.xaml.cs(41,30): error CS1061: 'MainWindow' does not contain a definition for 'MainContent' and no accessible extension method 'MainContent' accepting a first argument of type 'MainWindow' could be found (are you missing a using directive or an assembly reference?) [C:\Users\Alyssa\source\repos\SystemUI\SystemUI.csproj]
C:\Users\Alyssa\source\repos\SystemUI\Views\LoginView.xaml.cs(45,25): error CS0103: The name 'lblError' does not exist in the current context [C:\Users\Alyssa\source\repos\SystemUI\SystemUI.csproj]
C:\Users\Alyssa\source\repos\SystemUI\Views\LoginView.xaml.cs(46,25): error CS0103: The name 'lblError' does not exist in the current context [C:\Users\Alyssa\source\repos\SystemUI\SystemUI.csproj]
C:\Users\Alyssa\source\repos\SystemUI\Views\LoginView.xaml.cs(52,17): error CS0103: The name 'lblError' does not exist in the current context [C:\Users\Alyssa\source\repos\SystemUI\SystemUI.csproj]
C:\Users\Alyssa\source\repos\SystemUI\Views\LoginView.xaml.cs(53,17): error CS0103: The name 'lblError' does not exist in the current context [C:\Users\Alyssa\source\repos\SystemUI\SystemUI.csproj]
C:\Users\Alyssa\source\repos\SystemUI\Views\LoginView.xaml.cs(59,18): error CS1061: 'MainWindow' does not contain a definition for 'MainContent' and no accessible extension method 'MainContent' accepting a first argument of type 'MainWindow' could be found (are you missing a using directive or an assembly reference?) [C:\Users\Alyssa\source\repos\SystemUI\SystemUI.csproj]
C:\Users\Alyssa\source\repos\SystemUI\Views\AboutView.xaml.cs(25,18): error CS1061: 'MainWindow' does not contain a definition for 'MainContent' and no accessible extension method 'MainContent' accepting a first argument of type 'MainWindow' could be found (are you missing a using directive or an assembly reference?) [C:\Users\Alyssa\source\repos\SystemUI\SystemUI.csproj]
C:\Users\Alyssa\source\repos\SystemUI\Views\RegisterView.xaml.cs(18,31): error CS0103: The name 'txtFullName' does not exist in the current context [C:\Users\Alyssa\source\repos\SystemUI\SystemUI.csproj]
C:\Users\Alyssa\source\repos\SystemUI\Views\RegisterView.xaml.cs(19,31): error CS0103: The name 'txtUsername' does not exist in the current context [C:\Users\Alyssa\source\repos\SystemUI\SystemUI.csproj]
C:\Users\Alyssa\source\repos\SystemUI\Views\RegisterView.xaml.cs(20,28): error CS0103: The name 'txtEmail' does not exist in the current context [C:\Users\Alyssa\source\repos\SystemUI\SystemUI.csproj]
C:\Users\Alyssa\source\repos\SystemUI\Views\RegisterView.xaml.cs(21,31): error CS0103: The name 'txtPassword' does not exist in the current context [C:\Users\Alyssa\source\repos\SystemUI\SystemUI.csproj]
C:\Users\Alyssa\source\repos\SystemUI\Views\RegisterView.xaml.cs(22,30): error CS0103: The name 'txtConfirm' does not exist in the current context [C:\Users\Alyssa\source\repos\SystemUI\SystemUI.csproj]
C:\Users\Alyssa\source\repos\SystemUI\Views\LoginView.xaml.cs(64,18): error CS1061: 'MainWindow' does not contain a definition for 'MainContent' and no accessible extension method 'MainContent' accepting a first argument of type 'MainWindow' could be found (are you missing a using directive or an assembly reference?) [C:\Users\Alyssa\source\repos\SystemUI\SystemUI.csproj]
C:\Users\Alyssa\source\repos\SystemUI\Views\ReportGeneratorView.xaml.cs(27,17): error CS0103: The name 'txtFileName' does not exist in the current context [C:\Users\Alyssa\source\repos\SystemUI\SystemUI.csproj]
C:\Users\Alyssa\source\repos\SystemUI\Views\ReportGeneratorView.xaml.cs(28,28): error CS0103: The name 'cmbReportType' does not exist in the current context [C:\Users\Alyssa\source\repos\SystemUI\SystemUI.csproj]
C:\Users\Alyssa\source\repos\SystemUI\Views\ReportGeneratorView.xaml.cs(29,13): error CS0103: The name 'txtFileName' does not exist in the current context [C:\Users\Alyssa\source\repos\SystemUI\SystemUI.csproj]
C:\Users\Alyssa\source\repos\SystemUI\Views\AboutView.xaml.cs(34,18): error CS1061: 'MainWindow' does not contain a definition for 'MainContent' and no accessible extension method 'MainContent' accepting a first argument of type 'MainWindow' could be found (are you missing a using directive or an assembly reference?) [C:\Users\Alyssa\source\repos\SystemUI\SystemUI.csproj]
C:\Users\Alyssa\source\repos\SystemUI\Views\RegisterView.xaml.cs(63,18): error CS1061: 'MainWindow' does not contain a definition for 'MainContent' and no accessible extension method 'MainContent' accepting a first argument of type 'MainWindow' could be found (are you missing a using directive or an assembly reference?) [C:\Users\Alyssa\source\repos\SystemUI\SystemUI.csproj]
C:\Users\Alyssa\source\repos\SystemUI\Views\PassRecoveryView.xaml.cs(17,31): error CS0103: The name 'txtUsername' does not exist in the current context [C:\Users\Alyssa\source\repos\SystemUI\SystemUI.csproj]
C:\Users\Alyssa\source\repos\SystemUI\Views\PassRecoveryView.xaml.cs(18,28): error CS0103: The name 'txtEmail' does not exist in the current context [C:\Users\Alyssa\source\repos\SystemUI\SystemUI.csproj]
C:\Users\Alyssa\source\repos\SystemUI\Views\PassRecoveryView.xaml.cs(19,34): error CS0103: The name 'txtNewPassword' does not exist in the current context [C:\Users\Alyssa\source\repos\SystemUI\SystemUI.csproj]
C:\Users\Alyssa\source\repos\SystemUI\Views\PassRecoveryView.xaml.cs(20,34): error CS0103: The name 'txtConfirmPassword' does not exist in the current context [C:\Users\Alyssa\source\repos\SystemUI\SystemUI.csproj]
C:\Users\Alyssa\source\repos\SystemUI\Views\PassRecoveryView.xaml.cs(60,21): error CS0103: The name 'txtUsername' does not exist in the current context [C:\Users\Alyssa\source\repos\SystemUI\SystemUI.csproj]
C:\Users\Alyssa\source\repos\SystemUI\Views\PassRecoveryView.xaml.cs(60,40): error CS0103: The name 'txtEmail' does not exist in the current context [C:\Users\Alyssa\source\repos\SystemUI\SystemUI.csproj]
C:\Users\Alyssa\source\repos\SystemUI\Views\PassRecoveryView.xaml.cs(61,21): error CS0103: The name 'txtNewPassword' does not exist in the current context [C:\Users\Alyssa\source\repos\SystemUI\SystemUI.csproj]
C:\Users\Alyssa\source\repos\SystemUI\Views\PassRecoveryView.xaml.cs(61,47): error CS0103: The name 'txtConfirmPassword' does not exist in the current context [C:\Users\Alyssa\source\repos\SystemUI\SystemUI.csproj]
C:\Users\Alyssa\source\repos\SystemUI\Views\PassRecoveryView.xaml.cs(72,18): error CS1061: 'MainWindow' does not contain a definition for 'MainContent' and no accessible extension method 'MainContent' accepting a first argument of type 'MainWindow' could be found (are you missing a using directive or an assembly reference?) [C:\Users\Alyssa\source\repos\SystemUI\SystemUI.csproj]
C:\Users\Alyssa\source\repos\SystemUI\Views\RegisterView.xaml.cs(67,13): error CS0103: The name 'lblStatus' does not exist in the current context [C:\Users\Alyssa\source\repos\SystemUI\SystemUI.csproj]
C:\Users\Alyssa\source\repos\SystemUI\Views\RegisterView.xaml.cs(68,13): error CS0103: The name 'lblStatus' does not exist in the current context [C:\Users\Alyssa\source\repos\SystemUI\SystemUI.csproj]
C:\Users\Alyssa\source\repos\SystemUI\Views\RegisterView.xaml.cs(71,13): error CS0103: The name 'lblStatus' does not exist in the current context [C:\Users\Alyssa\source\repos\SystemUI\SystemUI.csproj]
C:\Users\Alyssa\source\repos\SystemUI\Views\PassRecoveryView.xaml.cs(76,13): error CS0103: The name 'lblStatus' does not exist in the current context [C:\Users\Alyssa\source\repos\SystemUI\SystemUI.csproj]
C:\Users\Alyssa\source\repos\SystemUI\Views\PassRecoveryView.xaml.cs(77,13): error CS0103: The name 'lblStatus' does not exist in the current context [C:\Users\Alyssa\source\repos\SystemUI\SystemUI.csproj]
C:\Users\Alyssa\source\repos\SystemUI\Views\PassRecoveryView.xaml.cs(80,13): error CS0103: The name 'lblStatus' does not exist in the current context [C:\Users\Alyssa\source\repos\SystemUI\SystemUI.csproj]
C:\Users\Alyssa\source\repos\SystemUI\Views\PlaylistManagementView.xaml.cs(43,27): error CS0103: The name 'txtName' does not exist in the current context [C:\Users\Alyssa\source\repos\SystemUI\SystemUI.csproj]
C:\Users\Alyssa\source\repos\SystemUI\Views\PlaylistManagementView.xaml.cs(44,28): error CS0103: The name 'txtOwner' does not exist in the current context [C:\Users\Alyssa\source\repos\SystemUI\SystemUI.csproj]
C:\Users\Alyssa\source\repos\SystemUI\Views\PlaylistManagementView.xaml.cs(45,27): error CS0103: The name 'txtDescription' does not exist in the current context [C:\Users\Alyssa\source\repos\SystemUI\SystemUI.csproj]
C:\Users\Alyssa\source\repos\SystemUI\Views\UserManagementView.xaml.cs(49,31): error CS0103: The name 'txtFullName' does not exist in the current context [C:\Users\Alyssa\source\repos\SystemUI\SystemUI.csproj]
C:\Users\Alyssa\source\repos\SystemUI\Views\UserManagementView.xaml.cs(50,31): error CS0103: The name 'txtUser' does not exist in the current context [C:\Users\Alyssa\source\repos\SystemUI\SystemUI.csproj]
C:\Users\Alyssa\source\repos\SystemUI\Views\UserManagementView.xaml.cs(51,28): error CS0103: The name 'txtUserEmail' does not exist in the current context [C:\Users\Alyssa\source\repos\SystemUI\SystemUI.csproj]
C:\Users\Alyssa\source\repos\SystemUI\Views\UserManagementView.xaml.cs(52,31): error CS0103: The name 'txtUserPass' does not exist in the current context [C:\Users\Alyssa\source\repos\SystemUI\SystemUI.csproj]
C:\Users\Alyssa\source\repos\SystemUI\Views\UserManagementView.xaml.cs(53,30): error CS0103: The name 'cmbStatus' does not exist in the current context [C:\Users\Alyssa\source\repos\SystemUI\SystemUI.csproj]
C:\Users\Alyssa\source\repos\SystemUI\Views\BorrowingView.xaml.cs(43,31): error CS0103: The name 'txtBorrower' does not exist in the current context [C:\Users\Alyssa\source\repos\SystemUI\SystemUI.csproj]
C:\Users\Alyssa\source\repos\SystemUI\Views\BorrowingView.xaml.cs(44,27): error CS0103: The name 'txtSongTitle' does not exist in the current context [C:\Users\Alyssa\source\repos\SystemUI\SystemUI.csproj]
C:\Users\Alyssa\source\repos\SystemUI\Views\BorrowingView.xaml.cs(45,33): error CS0103: The name 'txtBorrowDate' does not exist in the current context [C:\Users\Alyssa\source\repos\SystemUI\SystemUI.csproj]
C:\Users\Alyssa\source\repos\SystemUI\Views\BorrowingView.xaml.cs(46,33): error CS0103: The name 'txtReturnDate' does not exist in the current context [C:\Users\Alyssa\source\repos\SystemUI\SystemUI.csproj]
C:\Users\Alyssa\source\repos\SystemUI\Views\BorrowingView.xaml.cs(47,30): error CS0103: The name 'cmbBorrowStatus' does not exist in the current context [C:\Users\Alyssa\source\repos\SystemUI\SystemUI.csproj]
C:\Users\Alyssa\source\repos\SystemUI\Views\BorrowingView.xaml.cs(48,30): error CS0103: The name 'txtRemarks' does not exist in the current context [C:\Users\Alyssa\source\repos\SystemUI\SystemUI.csproj]
C:\Users\Alyssa\source\repos\SystemUI\Views\SongManagementView.xaml.cs(44,28): error CS0103: The name 'txtTitle' does not exist in the current context [C:\Users\Alyssa\source\repos\SystemUI\SystemUI.csproj]
C:\Users\Alyssa\source\repos\SystemUI\Views\SongManagementView.xaml.cs(45,29): error CS0103: The name 'txtArtist' does not exist in the current context [C:\Users\Alyssa\source\repos\SystemUI\SystemUI.csproj]
C:\Users\Alyssa\source\repos\SystemUI\Views\SongManagementView.xaml.cs(46,28): error CS0103: The name 'txtAlbum' does not exist in the current context [C:\Users\Alyssa\source\repos\SystemUI\SystemUI.csproj]
C:\Users\Alyssa\source\repos\SystemUI\Views\SongManagementView.xaml.cs(47,28): error CS0103: The name 'txtGenre' does not exist in the current context [C:\Users\Alyssa\source\repos\SystemUI\SystemUI.csproj]
C:\Users\Alyssa\source\repos\SystemUI\Views\SongManagementView.xaml.cs(48,31): error CS0103: The name 'txtDuration' does not exist in the current context [C:\Users\Alyssa\source\repos\SystemUI\SystemUI.csproj]
C:\Users\Alyssa\source\repos\SystemUI\Views\SongManagementView.xaml.cs(49,27): error CS0103: The name 'txtYear' does not exist in the current context [C:\Users\Alyssa\source\repos\SystemUI\SystemUI.csproj]
C:\Users\Alyssa\source\repos\SystemUI\Views\SongManagementView.xaml.cs(116,17): error CS0103: The name 'dgSongs' does not exist in the current context [C:\Users\Alyssa\source\repos\SystemUI\SystemUI.csproj]
C:\Users\Alyssa\source\repos\SystemUI\Views\SongManagementView.xaml.cs(119,17): error CS0103: The name 'txtTitle' does not exist in the current context [C:\Users\Alyssa\source\repos\SystemUI\SystemUI.csproj]
C:\Users\Alyssa\source\repos\SystemUI\Views\SongManagementView.xaml.cs(120,17): error CS0103: The name 'txtArtist' does not exist in the current context [C:\Users\Alyssa\source\repos\SystemUI\SystemUI.csproj]
C:\Users\Alyssa\source\repos\SystemUI\Views\SongManagementView.xaml.cs(121,17): error CS0103: The name 'txtAlbum' does not exist in the current context [C:\Users\Alyssa\source\repos\SystemUI\SystemUI.csproj]
C:\Users\Alyssa\source\repos\SystemUI\Views\SongManagementView.xaml.cs(122,17): error CS0103: The name 'txtGenre' does not exist in the current context [C:\Users\Alyssa\source\repos\SystemUI\SystemUI.csproj]
C:\Users\Alyssa\source\repos\SystemUI\Views\SongManagementView.xaml.cs(123,17): error CS0103: The name 'txtDuration' does not exist in the current context [C:\Users\Alyssa\source\repos\SystemUI\SystemUI.csproj]
C:\Users\Alyssa\source\repos\SystemUI\Views\SongManagementView.xaml.cs(124,17): error CS0103: The name 'txtYear' does not exist in the current context [C:\Users\Alyssa\source\repos\SystemUI\SystemUI.csproj]
C:\Users\Alyssa\source\repos\SystemUI\Views\SongManagementView.xaml.cs(125,17): error CS0103: The name 'lblFormTitle' does not exist in the current context [C:\Users\Alyssa\source\repos\SystemUI\SystemUI.csproj]
C:\Users\Alyssa\source\repos\SystemUI\Views\SongManagementView.xaml.cs(126,17): error CS0103: The name 'btnSave' does not exist in the current context [C:\Users\Alyssa\source\repos\SystemUI\SystemUI.csproj]
C:\Users\Alyssa\source\repos\SystemUI\Views\PlaylistManagementView.xaml.cs(102,17): error CS0103: The name 'dgPlaylists' does not exist in the current context [C:\Users\Alyssa\source\repos\SystemUI\SystemUI.csproj]
C:\Users\Alyssa\source\repos\SystemUI\Views\PlaylistManagementView.xaml.cs(105,17): error CS0103: The name 'txtName' does not exist in the current context [C:\Users\Alyssa\source\repos\SystemUI\SystemUI.csproj]
C:\Users\Alyssa\source\repos\SystemUI\Views\PlaylistManagementView.xaml.cs(106,17): error CS0103: The name 'txtOwner' does not exist in the current context [C:\Users\Alyssa\source\repos\SystemUI\SystemUI.csproj]
C:\Users\Alyssa\source\repos\SystemUI\Views\PlaylistManagementView.xaml.cs(107,17): error CS0103: The name 'txtDescription' does not exist in the current context [C:\Users\Alyssa\source\repos\SystemUI\SystemUI.csproj]
C:\Users\Alyssa\source\repos\SystemUI\Views\PlaylistManagementView.xaml.cs(108,17): error CS0103: The name 'lblFormTitle' does not exist in the current context [C:\Users\Alyssa\source\repos\SystemUI\SystemUI.csproj]
C:\Users\Alyssa\source\repos\SystemUI\Views\PlaylistManagementView.xaml.cs(109,17): error CS0103: The name 'btnSave' does not exist in the current context [C:\Users\Alyssa\source\repos\SystemUI\SystemUI.csproj]
C:\Users\Alyssa\source\repos\SystemUI\Views\PlaylistManagementView.xaml.cs(116,13): error CS0103: The name 'txtName' does not exist in the current context [C:\Users\Alyssa\source\repos\SystemUI\SystemUI.csproj]
C:\Users\Alyssa\source\repos\SystemUI\Views\PlaylistManagementView.xaml.cs(116,28): error CS0103: The name 'txtOwner' does not exist in the current context [C:\Users\Alyssa\source\repos\SystemUI\SystemUI.csproj]
C:\Users\Alyssa\source\repos\SystemUI\Views\PlaylistManagementView.xaml.cs(116,44): error CS0103: The name 'txtDescription' does not exist in the current context [C:\Users\Alyssa\source\repos\SystemUI\SystemUI.csproj]
C:\Users\Alyssa\source\repos\SystemUI\Views\PlaylistManagementView.xaml.cs(117,13): error CS0103: The name 'lblFormTitle' does not exist in the current context [C:\Users\Alyssa\source\repos\SystemUI\SystemUI.csproj]
C:\Users\Alyssa\source\repos\SystemUI\Views\PlaylistManagementView.xaml.cs(118,13): error CS0103: The name 'btnSave' does not exist in the current context [C:\Users\Alyssa\source\repos\SystemUI\SystemUI.csproj]
C:\Users\Alyssa\source\repos\SystemUI\Views\PlaylistManagementView.xaml.cs(119,13): error CS0103: The name 'lblFormStatus' does not exist in the current context [C:\Users\Alyssa\source\repos\SystemUI\SystemUI.csproj]
C:\Users\Alyssa\source\repos\SystemUI\Views\SongManagementView.xaml.cs(133,13): error CS0103: The name 'txtTitle' does not exist in the current context [C:\Users\Alyssa\source\repos\SystemUI\SystemUI.csproj]
C:\Users\Alyssa\source\repos\SystemUI\Views\SongManagementView.xaml.cs(133,29): error CS0103: The name 'txtArtist' does not exist in the current context [C:\Users\Alyssa\source\repos\SystemUI\SystemUI.csproj]
C:\Users\Alyssa\source\repos\SystemUI\Views\SongManagementView.xaml.cs(133,46): error CS0103: The name 'txtAlbum' does not exist in the current context [C:\Users\Alyssa\source\repos\SystemUI\SystemUI.csproj]
C:\Users\Alyssa\source\repos\SystemUI\Views\SongManagementView.xaml.cs(133,62): error CS0103: The name 'txtGenre' does not exist in the current context [C:\Users\Alyssa\source\repos\SystemUI\SystemUI.csproj]
C:\Users\Alyssa\source\repos\SystemUI\Views\SongManagementView.xaml.cs(133,78): error CS0103: The name 'txtDuration' does not exist in the current context [C:\Users\Alyssa\source\repos\SystemUI\SystemUI.csproj]
C:\Users\Alyssa\source\repos\SystemUI\Views\SongManagementView.xaml.cs(133,97): error CS0103: The name 'txtYear' does not exist in the current context [C:\Users\Alyssa\source\repos\SystemUI\SystemUI.csproj]
C:\Users\Alyssa\source\repos\SystemUI\Views\SongManagementView.xaml.cs(134,13): error CS0103: The name 'lblFormTitle' does not exist in the current context [C:\Users\Alyssa\source\repos\SystemUI\SystemUI.csproj]
C:\Users\Alyssa\source\repos\SystemUI\Views\SongManagementView.xaml.cs(135,13): error CS0103: The name 'btnSave' does not exist in the current context [C:\Users\Alyssa\source\repos\SystemUI\SystemUI.csproj]
C:\Users\Alyssa\source\repos\SystemUI\Views\SongManagementView.xaml.cs(136,13): error CS0103: The name 'lblFormStatus' does not exist in the current context [C:\Users\Alyssa\source\repos\SystemUI\SystemUI.csproj]
C:\Users\Alyssa\source\repos\SystemUI\Views\PlaylistManagementView.xaml.cs(122,89): error CS0103: The name 'txtSearch' does not exist in the current context [C:\Users\Alyssa\source\repos\SystemUI\SystemUI.csproj]
C:\Users\Alyssa\source\repos\SystemUI\Views\SongManagementView.xaml.cs(139,85): error CS0103: The name 'txtSearch' does not exist in the current context [C:\Users\Alyssa\source\repos\SystemUI\SystemUI.csproj]
C:\Users\Alyssa\source\repos\SystemUI\Views\SongManagementView.xaml.cs(140,75): error CS0103: The name 'txtSearch' does not exist in the current context [C:\Users\Alyssa\source\repos\SystemUI\SystemUI.csproj]
C:\Users\Alyssa\source\repos\SystemUI\Views\PlaylistManagementView.xaml.cs(123,75): error CS0103: The name 'txtSearch' does not exist in the current context [C:\Users\Alyssa\source\repos\SystemUI\SystemUI.csproj]
C:\Users\Alyssa\source\repos\SystemUI\Views\SongManagementView.xaml.cs(143,53): error CS1061: 'MainWindow' does not contain a definition for 'MainContent' and no accessible extension method 'MainContent' accepting a first argument of type 'MainWindow' could be found (are you missing a using directive or an assembly reference?) [C:\Users\Alyssa\source\repos\SystemUI\SystemUI.csproj]
C:\Users\Alyssa\source\repos\SystemUI\Views\PlaylistManagementView.xaml.cs(126,53): error CS1061: 'MainWindow' does not contain a definition for 'MainContent' and no accessible extension method 'MainContent' accepting a first argument of type 'MainWindow' could be found (are you missing a using directive or an assembly reference?) [C:\Users\Alyssa\source\repos\SystemUI\SystemUI.csproj]
C:\Users\Alyssa\source\repos\SystemUI\Views\SongManagementView.xaml.cs(145,53): error CS1061: 'MainWindow' does not contain a definition for 'MainContent' and no accessible extension method 'MainContent' accepting a first argument of type 'MainWindow' could be found (are you missing a using directive or an assembly reference?) [C:\Users\Alyssa\source\repos\SystemUI\SystemUI.csproj]
C:\Users\Alyssa\source\repos\SystemUI\Views\SongManagementView.xaml.cs(147,53): error CS1061: 'MainWindow' does not contain a definition for 'MainContent' and no accessible extension method 'MainContent' accepting a first argument of type 'MainWindow' could be found (are you missing a using directive or an assembly reference?) [C:\Users\Alyssa\source\repos\SystemUI\SystemUI.csproj]
C:\Users\Alyssa\source\repos\SystemUI\Views\PlaylistManagementView.xaml.cs(128,53): error CS1061: 'MainWindow' does not contain a definition for 'MainContent' and no accessible extension method 'MainContent' accepting a first argument of type 'MainWindow' could be found (are you missing a using directive or an assembly reference?) [C:\Users\Alyssa\source\repos\SystemUI\SystemUI.csproj]
C:\Users\Alyssa\source\repos\SystemUI\Views\PlaylistManagementView.xaml.cs(130,53): error CS1061: 'MainWindow' does not contain a definition for 'MainContent' and no accessible extension method 'MainContent' accepting a first argument of type 'MainWindow' could be found (are you missing a using directive or an assembly reference?) [C:\Users\Alyssa\source\repos\SystemUI\SystemUI.csproj]
C:\Users\Alyssa\source\repos\SystemUI\Views\SongManagementView.xaml.cs(152,18): error CS1061: 'MainWindow' does not contain a definition for 'MainContent' and no accessible extension method 'MainContent' accepting a first argument of type 'MainWindow' could be found (are you missing a using directive or an assembly reference?) [C:\Users\Alyssa\source\repos\SystemUI\SystemUI.csproj]
C:\Users\Alyssa\source\repos\SystemUI\Views\PlaylistManagementView.xaml.cs(135,18): error CS1061: 'MainWindow' does not contain a definition for 'MainContent' and no accessible extension method 'MainContent' accepting a first argument of type 'MainWindow' could be found (are you missing a using directive or an assembly reference?) [C:\Users\Alyssa\source\repos\SystemUI\SystemUI.csproj]
C:\Users\Alyssa\source\repos\SystemUI\Views\SongManagementView.xaml.cs(157,13): error CS0103: The name 'lblFormStatus' does not exist in the current context [C:\Users\Alyssa\source\repos\SystemUI\SystemUI.csproj]
C:\Users\Alyssa\source\repos\SystemUI\Views\SongManagementView.xaml.cs(158,13): error CS0103: The name 'lblFormStatus' does not exist in the current context [C:\Users\Alyssa\source\repos\SystemUI\SystemUI.csproj]
C:\Users\Alyssa\source\repos\SystemUI\Views\SongManagementView.xaml.cs(159,13): error CS0103: The name 'lblFormStatus' does not exist in the current context [C:\Users\Alyssa\source\repos\SystemUI\SystemUI.csproj]
C:\Users\Alyssa\source\repos\SystemUI\Views\PlaylistManagementView.xaml.cs(140,13): error CS0103: The name 'lblFormStatus' does not exist in the current context [C:\Users\Alyssa\source\repos\SystemUI\SystemUI.csproj]
C:\Users\Alyssa\source\repos\SystemUI\Views\PlaylistManagementView.xaml.cs(141,13): error CS0103: The name 'lblFormStatus' does not exist in the current context [C:\Users\Alyssa\source\repos\SystemUI\SystemUI.csproj]
C:\Users\Alyssa\source\repos\SystemUI\Views\PlaylistManagementView.xaml.cs(142,13): error CS0103: The name 'lblFormStatus' does not exist in the current context [C:\Users\Alyssa\source\repos\SystemUI\SystemUI.csproj]
C:\Users\Alyssa\source\repos\SystemUI\Views\BorrowingView.xaml.cs(115,17): error CS0103: The name 'dgBorrowing' does not exist in the current context [C:\Users\Alyssa\source\repos\SystemUI\SystemUI.csproj]
C:\Users\Alyssa\source\repos\SystemUI\Views\BorrowingView.xaml.cs(118,17): error CS0103: The name 'txtBorrower' does not exist in the current context [C:\Users\Alyssa\source\repos\SystemUI\SystemUI.csproj]
C:\Users\Alyssa\source\repos\SystemUI\Views\BorrowingView.xaml.cs(119,17): error CS0103: The name 'txtSongTitle' does not exist in the current context [C:\Users\Alyssa\source\repos\SystemUI\SystemUI.csproj]
C:\Users\Alyssa\source\repos\SystemUI\Views\BorrowingView.xaml.cs(120,17): error CS0103: The name 'txtBorrowDate' does not exist in the current context [C:\Users\Alyssa\source\repos\SystemUI\SystemUI.csproj]
C:\Users\Alyssa\source\repos\SystemUI\Views\BorrowingView.xaml.cs(121,17): error CS0103: The name 'txtReturnDate' does not exist in the current context [C:\Users\Alyssa\source\repos\SystemUI\SystemUI.csproj]
C:\Users\Alyssa\source\repos\SystemUI\Views\BorrowingView.xaml.cs(122,17): error CS0103: The name 'txtRemarks' does not exist in the current context [C:\Users\Alyssa\source\repos\SystemUI\SystemUI.csproj]
C:\Users\Alyssa\source\repos\SystemUI\Views\BorrowingView.xaml.cs(124,47): error CS0103: The name 'cmbBorrowStatus' does not exist in the current context [C:\Users\Alyssa\source\repos\SystemUI\SystemUI.csproj]
C:\Users\Alyssa\source\repos\SystemUI\Views\BorrowingView.xaml.cs(125,56): error CS0103: The name 'cmbBorrowStatus' does not exist in the current context [C:\Users\Alyssa\source\repos\SystemUI\SystemUI.csproj]
C:\Users\Alyssa\source\repos\SystemUI\Views\BorrowingView.xaml.cs(126,17): error CS0103: The name 'lblFormTitle' does not exist in the current context [C:\Users\Alyssa\source\repos\SystemUI\SystemUI.csproj]
C:\Users\Alyssa\source\repos\SystemUI\Views\BorrowingView.xaml.cs(127,17): error CS0103: The name 'btnSave' does not exist in the current context [C:\Users\Alyssa\source\repos\SystemUI\SystemUI.csproj]
C:\Users\Alyssa\source\repos\SystemUI\Views\UserManagementView.xaml.cs(107,17): error CS0103: The name 'dgUsers' does not exist in the current context [C:\Users\Alyssa\source\repos\SystemUI\SystemUI.csproj]
C:\Users\Alyssa\source\repos\SystemUI\Views\UserManagementView.xaml.cs(110,17): error CS0103: The name 'txtFullName' does not exist in the current context [C:\Users\Alyssa\source\repos\SystemUI\SystemUI.csproj]
C:\Users\Alyssa\source\repos\SystemUI\Views\UserManagementView.xaml.cs(111,17): error CS0103: The name 'txtUser' does not exist in the current context [C:\Users\Alyssa\source\repos\SystemUI\SystemUI.csproj]
C:\Users\Alyssa\source\repos\SystemUI\Views\UserManagementView.xaml.cs(112,17): error CS0103: The name 'txtUserEmail' does not exist in the current context [C:\Users\Alyssa\source\repos\SystemUI\SystemUI.csproj]
C:\Users\Alyssa\source\repos\SystemUI\Views\UserManagementView.xaml.cs(113,17): error CS0103: The name 'txtUserPass' does not exist in the current context [C:\Users\Alyssa\source\repos\SystemUI\SystemUI.csproj]
C:\Users\Alyssa\source\repos\SystemUI\Views\UserManagementView.xaml.cs(116,47): error CS0103: The name 'cmbStatus' does not exist in the current context [C:\Users\Alyssa\source\repos\SystemUI\SystemUI.csproj]
C:\Users\Alyssa\source\repos\SystemUI\Views\UserManagementView.xaml.cs(118,25): error CS0103: The name 'cmbStatus' does not exist in the current context [C:\Users\Alyssa\source\repos\SystemUI\SystemUI.csproj]
C:\Users\Alyssa\source\repos\SystemUI\Views\UserManagementView.xaml.cs(120,17): error CS0103: The name 'lblFormTitle' does not exist in the current context [C:\Users\Alyssa\source\repos\SystemUI\SystemUI.csproj]
C:\Users\Alyssa\source\repos\SystemUI\Views\UserManagementView.xaml.cs(121,17): error CS0103: The name 'btnSave' does not exist in the current context [C:\Users\Alyssa\source\repos\SystemUI\SystemUI.csproj]
C:\Users\Alyssa\source\repos\SystemUI\Views\UserManagementView.xaml.cs(127,13): error CS0103: The name 'txtFullName' does not exist in the current context [C:\Users\Alyssa\source\repos\SystemUI\SystemUI.csproj]
C:\Users\Alyssa\source\repos\SystemUI\Views\UserManagementView.xaml.cs(128,13): error CS0103: The name 'txtUser' does not exist in the current context [C:\Users\Alyssa\source\repos\SystemUI\SystemUI.csproj]
C:\Users\Alyssa\source\repos\SystemUI\Views\UserManagementView.xaml.cs(129,13): error CS0103: The name 'txtUserEmail' does not exist in the current context [C:\Users\Alyssa\source\repos\SystemUI\SystemUI.csproj]
C:\Users\Alyssa\source\repos\SystemUI\Views\UserManagementView.xaml.cs(130,13): error CS0103: The name 'txtUserPass' does not exist in the current context [C:\Users\Alyssa\source\repos\SystemUI\SystemUI.csproj]
C:\Users\Alyssa\source\repos\SystemUI\Views\UserManagementView.xaml.cs(131,13): error CS0103: The name 'cmbStatus' does not exist in the current context [C:\Users\Alyssa\source\repos\SystemUI\SystemUI.csproj]
C:\Users\Alyssa\source\repos\SystemUI\Views\UserManagementView.xaml.cs(132,13): error CS0103: The name 'lblFormTitle' does not exist in the current context [C:\Users\Alyssa\source\repos\SystemUI\SystemUI.csproj]
C:\Users\Alyssa\source\repos\SystemUI\Views\UserManagementView.xaml.cs(133,13): error CS0103: The name 'btnSave' does not exist in the current context [C:\Users\Alyssa\source\repos\SystemUI\SystemUI.csproj]
C:\Users\Alyssa\source\repos\SystemUI\Views\UserManagementView.xaml.cs(134,13): error CS0103: The name 'lblFormStatus' does not exist in the current context [C:\Users\Alyssa\source\repos\SystemUI\SystemUI.csproj]
C:\Users\Alyssa\source\repos\SystemUI\Views\BorrowingView.xaml.cs(134,13): error CS0103: The name 'txtBorrower' does not exist in the current context [C:\Users\Alyssa\source\repos\SystemUI\SystemUI.csproj]
C:\Users\Alyssa\source\repos\SystemUI\Views\BorrowingView.xaml.cs(134,32): error CS0103: The name 'txtSongTitle' does not exist in the current context [C:\Users\Alyssa\source\repos\SystemUI\SystemUI.csproj]
C:\Users\Alyssa\source\repos\SystemUI\Views\BorrowingView.xaml.cs(134,52): error CS0103: The name 'txtBorrowDate' does not exist in the current context [C:\Users\Alyssa\source\repos\SystemUI\SystemUI.csproj]
C:\Users\Alyssa\source\repos\SystemUI\Views\BorrowingView.xaml.cs(134,73): error CS0103: The name 'txtReturnDate' does not exist in the current context [C:\Users\Alyssa\source\repos\SystemUI\SystemUI.csproj]
C:\Users\Alyssa\source\repos\SystemUI\Views\BorrowingView.xaml.cs(134,94): error CS0103: The name 'txtRemarks' does not exist in the current context [C:\Users\Alyssa\source\repos\SystemUI\SystemUI.csproj]
C:\Users\Alyssa\source\repos\SystemUI\Views\BorrowingView.xaml.cs(135,13): error CS0103: The name 'cmbBorrowStatus' does not exist in the current context [C:\Users\Alyssa\source\repos\SystemUI\SystemUI.csproj]
C:\Users\Alyssa\source\repos\SystemUI\Views\BorrowingView.xaml.cs(136,13): error CS0103: The name 'lblFormTitle' does not exist in the current context [C:\Users\Alyssa\source\repos\SystemUI\SystemUI.csproj]
C:\Users\Alyssa\source\repos\SystemUI\Views\BorrowingView.xaml.cs(137,13): error CS0103: The name 'btnSave' does not exist in the current context [C:\Users\Alyssa\source\repos\SystemUI\SystemUI.csproj]
C:\Users\Alyssa\source\repos\SystemUI\Views\BorrowingView.xaml.cs(138,13): error CS0103: The name 'lblFormStatus' does not exist in the current context [C:\Users\Alyssa\source\repos\SystemUI\SystemUI.csproj]
C:\Users\Alyssa\source\repos\SystemUI\Views\ReportGeneratorView.xaml.cs(39,28): error CS0103: The name 'cmbReportType' does not exist in the current context [C:\Users\Alyssa\source\repos\SystemUI\SystemUI.csproj]
C:\Users\Alyssa\source\repos\SystemUI\Views\ReportGeneratorView.xaml.cs(56,21): error CS0103: The name 'dgPreview' does not exist in the current context [C:\Users\Alyssa\source\repos\SystemUI\SystemUI.csproj]
C:\Users\Alyssa\source\repos\SystemUI\Views\ReportGeneratorView.xaml.cs(57,21): error CS0103: The name 'lblStatus' does not exist in the current context [C:\Users\Alyssa\source\repos\SystemUI\SystemUI.csproj]
C:\Users\Alyssa\source\repos\SystemUI\Views\ReportGeneratorView.xaml.cs(58,21): error CS0103: The name 'lblStatus' does not exist in the current context [C:\Users\Alyssa\source\repos\SystemUI\SystemUI.csproj]
C:\Users\Alyssa\source\repos\SystemUI\Views\ReportGeneratorView.xaml.cs(59,21): error CS0103: The name 'lblStatus' does not exist in the current context [C:\Users\Alyssa\source\repos\SystemUI\SystemUI.csproj]
C:\Users\Alyssa\source\repos\SystemUI\Views\ReportGeneratorView.xaml.cs(64,17): error CS0103: The name 'lblStatus' does not exist in the current context [C:\Users\Alyssa\source\repos\SystemUI\SystemUI.csproj]
C:\Users\Alyssa\source\repos\SystemUI\Views\ReportGeneratorView.xaml.cs(65,17): error CS0103: The name 'lblStatus' does not exist in the current context [C:\Users\Alyssa\source\repos\SystemUI\SystemUI.csproj]
C:\Users\Alyssa\source\repos\SystemUI\Views\ReportGeneratorView.xaml.cs(66,17): error CS0103: The name 'lblStatus' does not exist in the current context [C:\Users\Alyssa\source\repos\SystemUI\SystemUI.csproj]
C:\Users\Alyssa\source\repos\SystemUI\Views\BorrowingView.xaml.cs(141,89): error CS0103: The name 'txtSearch' does not exist in the current context [C:\Users\Alyssa\source\repos\SystemUI\SystemUI.csproj]
C:\Users\Alyssa\source\repos\SystemUI\Views\UserManagementView.xaml.cs(138,26): error CS0103: The name 'txtSearch' does not exist in the current context [C:\Users\Alyssa\source\repos\SystemUI\SystemUI.csproj]
C:\Users\Alyssa\source\repos\SystemUI\Views\UserManagementView.xaml.cs(142,13): error CS0103: The name 'txtSearch' does not exist in the current context [C:\Users\Alyssa\source\repos\SystemUI\SystemUI.csproj]
C:\Users\Alyssa\source\repos\SystemUI\Views\BorrowingView.xaml.cs(142,75): error CS0103: The name 'txtSearch' does not exist in the current context [C:\Users\Alyssa\source\repos\SystemUI\SystemUI.csproj]
C:\Users\Alyssa\source\repos\SystemUI\Views\UserManagementView.xaml.cs(148,18): error CS1061: 'MainWindow' does not contain a definition for 'MainContent' and no accessible extension method 'MainContent' accepting a first argument of type 'MainWindow' could be found (are you missing a using directive or an assembly reference?) [C:\Users\Alyssa\source\repos\SystemUI\SystemUI.csproj]
C:\Users\Alyssa\source\repos\SystemUI\Views\BorrowingView.xaml.cs(145,53): error CS1061: 'MainWindow' does not contain a definition for 'MainContent' and no accessible extension method 'MainContent' accepting a first argument of type 'MainWindow' could be found (are you missing a using directive or an assembly reference?) [C:\Users\Alyssa\source\repos\SystemUI\SystemUI.csproj]
C:\Users\Alyssa\source\repos\SystemUI\Views\UserManagementView.xaml.cs(154,18): error CS1061: 'MainWindow' does not contain a definition for 'MainContent' and no accessible extension method 'MainContent' accepting a first argument of type 'MainWindow' could be found (are you missing a using directive or an assembly reference?) [C:\Users\Alyssa\source\repos\SystemUI\SystemUI.csproj]
C:\Users\Alyssa\source\repos\SystemUI\Views\BorrowingView.xaml.cs(147,53): error CS1061: 'MainWindow' does not contain a definition for 'MainContent' and no accessible extension method 'MainContent' accepting a first argument of type 'MainWindow' could be found (are you missing a using directive or an assembly reference?) [C:\Users\Alyssa\source\repos\SystemUI\SystemUI.csproj]
C:\Users\Alyssa\source\repos\SystemUI\Views\BorrowingView.xaml.cs(149,53): error CS1061: 'MainWindow' does not contain a definition for 'MainContent' and no accessible extension method 'MainContent' accepting a first argument of type 'MainWindow' could be found (are you missing a using directive or an assembly reference?) [C:\Users\Alyssa\source\repos\SystemUI\SystemUI.csproj]
C:\Users\Alyssa\source\repos\SystemUI\Views\UserManagementView.xaml.cs(160,18): error CS1061: 'MainWindow' does not contain a definition for 'MainContent' and no accessible extension method 'MainContent' accepting a first argument of type 'MainWindow' could be found (are you missing a using directive or an assembly reference?) [C:\Users\Alyssa\source\repos\SystemUI\SystemUI.csproj]
C:\Users\Alyssa\source\repos\SystemUI\Views\UserManagementView.xaml.cs(166,18): error CS1061: 'MainWindow' does not contain a definition for 'MainContent' and no accessible extension method 'MainContent' accepting a first argument of type 'MainWindow' could be found (are you missing a using directive or an assembly reference?) [C:\Users\Alyssa\source\repos\SystemUI\SystemUI.csproj]
C:\Users\Alyssa\source\repos\SystemUI\Views\BorrowingView.xaml.cs(154,18): error CS1061: 'MainWindow' does not contain a definition for 'MainContent' and no accessible extension method 'MainContent' accepting a first argument of type 'MainWindow' could be found (are you missing a using directive or an assembly reference?) [C:\Users\Alyssa\source\repos\SystemUI\SystemUI.csproj]
C:\Users\Alyssa\source\repos\SystemUI\Views\UserManagementView.xaml.cs(170,13): error CS0103: The name 'lblFormStatus' does not exist in the current context [C:\Users\Alyssa\source\repos\SystemUI\SystemUI.csproj]
C:\Users\Alyssa\source\repos\SystemUI\Views\UserManagementView.xaml.cs(171,13): error CS0103: The name 'lblFormStatus' does not exist in the current context [C:\Users\Alyssa\source\repos\SystemUI\SystemUI.csproj]
C:\Users\Alyssa\source\repos\SystemUI\Views\UserManagementView.xaml.cs(174,13): error CS0103: The name 'lblFormStatus' does not exist in the current context [C:\Users\Alyssa\source\repos\SystemUI\SystemUI.csproj]
C:\Users\Alyssa\source\repos\SystemUI\Views\BorrowingView.xaml.cs(159,13): error CS0103: The name 'lblFormStatus' does not exist in the current context [C:\Users\Alyssa\source\repos\SystemUI\SystemUI.csproj]
C:\Users\Alyssa\source\repos\SystemUI\Views\BorrowingView.xaml.cs(160,13): error CS0103: The name 'lblFormStatus' does not exist in the current context [C:\Users\Alyssa\source\repos\SystemUI\SystemUI.csproj]
C:\Users\Alyssa\source\repos\SystemUI\Views\BorrowingView.xaml.cs(161,13): error CS0103: The name 'lblFormStatus' does not exist in the current context [C:\Users\Alyssa\source\repos\SystemUI\SystemUI.csproj]
C:\Users\Alyssa\source\repos\SystemUI\Views\ReportGeneratorView.xaml.cs(75,28): error CS0103: The name 'txtFileName' does not exist in the current context [C:\Users\Alyssa\source\repos\SystemUI\SystemUI.csproj]
C:\Users\Alyssa\source\repos\SystemUI\Views\ReportGeneratorView.xaml.cs(78,17): error CS0103: The name 'txtSavePath' does not exist in the current context [C:\Users\Alyssa\source\repos\SystemUI\SystemUI.csproj]
C:\Users\Alyssa\source\repos\SystemUI\Views\ReportGeneratorView.xaml.cs(83,27): error CS0103: The name 'txtSavePath' does not exist in the current context [C:\Users\Alyssa\source\repos\SystemUI\SystemUI.csproj]
C:\Users\Alyssa\source\repos\SystemUI\Views\ReportGeneratorView.xaml.cs(84,31): error CS0103: The name 'txtSignedBy' does not exist in the current context [C:\Users\Alyssa\source\repos\SystemUI\SystemUI.csproj]
C:\Users\Alyssa\source\repos\SystemUI\Views\ReportGeneratorView.xaml.cs(85,34): error CS0103: The name 'cmbReportType' does not exist in the current context [C:\Users\Alyssa\source\repos\SystemUI\SystemUI.csproj]
C:\Users\Alyssa\source\repos\SystemUI\Views\ReportGeneratorView.xaml.cs(279,17): error CS0103: The name 'lblStatus' does not exist in the current context [C:\Users\Alyssa\source\repos\SystemUI\SystemUI.csproj]
C:\Users\Alyssa\source\repos\SystemUI\Views\ReportGeneratorView.xaml.cs(280,17): error CS0103: The name 'lblStatus' does not exist in the current context [C:\Users\Alyssa\source\repos\SystemUI\SystemUI.csproj]
C:\Users\Alyssa\source\repos\SystemUI\Views\ReportGeneratorView.xaml.cs(281,17): error CS0103: The name 'lblStatus' does not exist in the current context [C:\Users\Alyssa\source\repos\SystemUI\SystemUI.csproj]
C:\Users\Alyssa\source\repos\SystemUI\Views\ReportGeneratorView.xaml.cs(286,17): error CS0103: The name 'lblStatus' does not exist in the current context [C:\Users\Alyssa\source\repos\SystemUI\SystemUI.csproj]
C:\Users\Alyssa\source\repos\SystemUI\Views\ReportGeneratorView.xaml.cs(287,17): error CS0103: The name 'lblStatus' does not exist in the current context [C:\Users\Alyssa\source\repos\SystemUI\SystemUI.csproj]
C:\Users\Alyssa\source\repos\SystemUI\Views\ReportGeneratorView.xaml.cs(288,17): error CS0103: The name 'lblStatus' does not exist in the current context [C:\Users\Alyssa\source\repos\SystemUI\SystemUI.csproj]
C:\Users\Alyssa\source\repos\SystemUI\Views\ReportGeneratorView.xaml.cs(294,53): error CS1061: 'MainWindow' does not contain a definition for 'MainContent' and no accessible extension method 'MainContent' accepting a first argument of type 'MainWindow' could be found (are you missing a using directive or an assembly reference?) [C:\Users\Alyssa\source\repos\SystemUI\SystemUI.csproj]
C:\Users\Alyssa\source\repos\SystemUI\Views\ReportGeneratorView.xaml.cs(296,53): error CS1061: 'MainWindow' does not contain a definition for 'MainContent' and no accessible extension method 'MainContent' accepting a first argument of type 'MainWindow' could be found (are you missing a using directive or an assembly reference?) [C:\Users\Alyssa\source\repos\SystemUI\SystemUI.csproj]
C:\Users\Alyssa\source\repos\SystemUI\Views\ReportGeneratorView.xaml.cs(298,53): error CS1061: 'MainWindow' does not contain a definition for 'MainContent' and no accessible extension method 'MainContent' accepting a first argument of type 'MainWindow' could be found (are you missing a using directive or an assembly reference?) [C:\Users\Alyssa\source\repos\SystemUI\SystemUI.csproj]
C:\Users\Alyssa\source\repos\SystemUI\Views\ReportGeneratorView.xaml.cs(303,18): error CS1061: 'MainWindow' does not contain a definition for 'MainContent' and no accessible extension method 'MainContent' accepting a first argument of type 'MainWindow' could be found (are you missing a using directive or an assembly reference?) [C:\Users\Alyssa\source\repos\SystemUI\SystemUI.csproj]
    0 Warning(s)
    216 Error(s)

Time Elapsed 00:00:03.15
